../CDD/lvgl/src/extra/libs/qrcode/qrcodegen.c:129:6:qrcodegen_encodeText	104	static
../CDD/lvgl/src/extra/libs/qrcode/qrcodegen.c:167:6:qrcodegen_encodeBinary	64	static
../CDD/lvgl/src/extra/libs/qrcode/qrcodegen.c:185:15:appendBitsToBuffer	32	static
../CDD/lvgl/src/extra/libs/qrcode/qrcodegen.c:196:6:qrcodegen_encodeSegments	48	static
../CDD/lvgl/src/extra/libs/qrcode/qrcodegen.c:204:6:qrcodegen_encodeSegmentsAdvanced	96	static
../CDD/lvgl/src/extra/libs/qrcode/qrcodegen.c:292:15:addEccAndInterleave	120	static
../CDD/lvgl/src/extra/libs/qrcode/qrcodegen.c:325:14:getNumDataCodewords	32	static
../CDD/lvgl/src/extra/libs/qrcode/qrcodegen.c:337:14:getNumRawDataModules	24	static
../CDD/lvgl/src/extra/libs/qrcode/qrcodegen.c:354:15:calcReedSolomonGenerator	40	static
../CDD/lvgl/src/extra/libs/qrcode/qrcodegen.c:378:15:calcReedSolomonRemainder	40	static
../CDD/lvgl/src/extra/libs/qrcode/qrcodegen.c:398:18:finiteFieldMultiply	24	static
../CDD/lvgl/src/extra/libs/qrcode/qrcodegen.c:414:15:initializeFunctionModules	48	static
../CDD/lvgl/src/extra/libs/qrcode/qrcodegen.c:451:13:drawWhiteFunctionModules	88	static
../CDD/lvgl/src/extra/libs/qrcode/qrcodegen.c:512:13:drawFormatBits	64	static
../CDD/lvgl/src/extra/libs/qrcode/qrcodegen.c:546:14:getAlignmentPatternPositions	32	static
../CDD/lvgl/src/extra/libs/qrcode/qrcodegen.c:560:13:fillRectangle	32	static
../CDD/lvgl/src/extra/libs/qrcode/qrcodegen.c:573:13:drawCodewords	64	static
../CDD/lvgl/src/extra/libs/qrcode/qrcodegen.c:604:13:applyMask	48	static
../CDD/lvgl/src/extra/libs/qrcode/qrcodegen.c:632:13:getPenaltyScore	96	static
../CDD/lvgl/src/extra/libs/qrcode/qrcodegen.c:718:13:addRunToHistory	16	static
../CDD/lvgl/src/extra/libs/qrcode/qrcodegen.c:727:13:hasFinderLikePattern	24	static
../CDD/lvgl/src/extra/libs/qrcode/qrcodegen.c:740:5:qrcodegen_getSize	24	static
../CDD/lvgl/src/extra/libs/qrcode/qrcodegen.c:750:6:qrcodegen_getModule	32	static
../CDD/lvgl/src/extra/libs/qrcode/qrcodegen.c:758:15:getModule	32	static
../CDD/lvgl/src/extra/libs/qrcode/qrcodegen.c:767:15:setModule	40	static
../CDD/lvgl/src/extra/libs/qrcode/qrcodegen.c:781:15:setModuleBounded	32	static
../CDD/lvgl/src/extra/libs/qrcode/qrcodegen.c:789:13:getBit	16	static
../CDD/lvgl/src/extra/libs/qrcode/qrcodegen.c:798:6:qrcodegen_isAlphanumeric	16	static
../CDD/lvgl/src/extra/libs/qrcode/qrcodegen.c:809:6:qrcodegen_isNumeric	16	static
../CDD/lvgl/src/extra/libs/qrcode/qrcodegen.c:820:8:qrcodegen_calcSegmentBufferSize	24	static
../CDD/lvgl/src/extra/libs/qrcode/qrcodegen.c:837:14:calcSegmentBitLength	24	static
../CDD/lvgl/src/extra/libs/qrcode/qrcodegen.c:864:26:qrcodegen_makeBytes	48	static
../CDD/lvgl/src/extra/libs/qrcode/qrcodegen.c:879:26:qrcodegen_makeNumeric	72	static
../CDD/lvgl/src/extra/libs/qrcode/qrcodegen.c:913:26:qrcodegen_makeAlphanumeric	72	static
../CDD/lvgl/src/extra/libs/qrcode/qrcodegen.c:947:26:qrcodegen_makeEci	48	static
../CDD/lvgl/src/extra/libs/qrcode/qrcodegen.c:977:14:getTotalBits	48	static
../CDD/lvgl/src/extra/libs/qrcode/qrcodegen.c:1000:12:numCharCountBits	24	static
../CDD/lvgl/src/extra/libs/qrcode/qrcodegen.c:1013:5:qrcodegen_getMinFitVersion	48	static
../CDD/lvgl/src/extra/libs/qrcode/qrcodegen.c:1029:5:qrcodegen_version2size	16	static
