../vglite/VGLite/rtos/vg_lite_os.c:61:28:vg_lite_bus_error_handler	4	static
../vglite/VGLite/rtos/vg_lite_os.c:73:6:command_queue	32	static
../vglite/VGLite/rtos/vg_lite_os.c:158:9:vg_lite_os_set_tls	16	static
../vglite/VGLite/rtos/vg_lite_os.c:167:8:vg_lite_os_get_tls	8	static
../vglite/VGLite/rtos/vg_lite_os.c:173:8:vg_lite_os_malloc	16	static
../vglite/VGLite/rtos/vg_lite_os.c:178:6:vg_lite_os_free	16	static
../vglite/VGLite/rtos/vg_lite_os.c:184:6:vg_lite_os_reset_tls	8	static
../vglite/VGLite/rtos/vg_lite_os.c:190:6:vg_lite_os_sleep	16	static
../vglite/VGLite/rtos/vg_lite_os.c:195:9:vg_lite_os_initialize	24	static
../vglite/VGLite/rtos/vg_lite_os.c:236:6:vg_lite_os_deinitialize	8	static
../vglite/VGLite/rtos/vg_lite_os.c:248:9:vg_lite_os_lock	8	static
../vglite/VGLite/rtos/vg_lite_os.c:259:9:vg_lite_os_unlock	8	static
../vglite/VGLite/rtos/vg_lite_os.c:267:9:vg_lite_os_submit	32	static
../vglite/VGLite/rtos/vg_lite_os.c:301:9:vg_lite_os_wait	16	static
../vglite/VGLite/rtos/vg_lite_os.c:319:6:vg_lite_os_IRQHandler	16	static
../vglite/VGLite/rtos/vg_lite_os.c:339:9:vg_lite_os_wait_interrupt	24	static
../vglite/VGLite/rtos/vg_lite_os.c:376:9:vg_lite_os_init_event	24	static
../vglite/VGLite/rtos/vg_lite_os.c:398:9:vg_lite_os_delete_event	16	static
../vglite/VGLite/rtos/vg_lite_os.c:411:9:vg_lite_os_wait_event	16	static
../vglite/VGLite/rtos/vg_lite_os.c:422:9:vg_lite_os_signal_event	16	static
../vglite/VGLite/rtos/vg_lite_os.c:431:8:vg_lite_os_query_context_switch	16	static
