../lvgl/lvgl/src/core/../misc/../font/../misc/lv_area.h:110:20:lv_area_copy	16	static
../lvgl/lvgl/src/core/../misc/lv_style.h:449:30:lv_style_get_prop_inlined	56	static
../lvgl/lvgl/src/core/lv_obj_style.h:92:20:lv_obj_remove_style_all	16	static
../lvgl/lvgl/src/core/lv_obj_style_gen.h:1:26:lv_obj_get_style_width	24	static
../lvgl/lvgl/src/core/lv_obj_style_gen.h:19:26:lv_obj_get_style_height	24	static
../lvgl/lvgl/src/core/lv_obj_style_gen.h:49:26:lv_obj_get_style_align	24	static
../lvgl/lvgl/src/core/lv_obj_style_gen.h:55:26:lv_obj_get_style_transform_width	24	static
../lvgl/lvgl/src/core/lv_obj_style_gen.h:61:26:lv_obj_get_style_transform_height	24	static
../lvgl/lvgl/src/core/lv_obj_style_gen.h:103:26:lv_obj_get_style_pad_top	24	static
../lvgl/lvgl/src/core/lv_obj_style_gen.h:115:26:lv_obj_get_style_pad_left	24	static
../lvgl/lvgl/src/core/lv_obj_style_gen.h:139:26:lv_obj_get_style_bg_color	24	static
../lvgl/lvgl/src/core/lv_obj_style_gen.h:151:24:lv_obj_get_style_bg_opa	24	static
../lvgl/lvgl/src/core/lv_obj_style_gen.h:237:26:lv_obj_get_style_border_color	24	static
../lvgl/lvgl/src/core/lv_obj_style_gen.h:250:24:lv_obj_get_style_border_opa	24	static
../lvgl/lvgl/src/core/lv_obj_style_gen.h:256:26:lv_obj_get_style_border_width	24	static
../lvgl/lvgl/src/core/lv_obj_style_gen.h:268:20:lv_obj_get_style_border_post	24	static
../lvgl/lvgl/src/core/lv_obj_style_gen.h:305:26:lv_obj_get_style_shadow_width	24	static
../lvgl/lvgl/src/core/lv_obj_style_gen.h:323:26:lv_obj_get_style_shadow_spread	24	static
../lvgl/lvgl/src/core/lv_obj_style_gen.h:329:26:lv_obj_get_style_shadow_color	24	static
../lvgl/lvgl/src/core/lv_obj_style_gen.h:342:24:lv_obj_get_style_shadow_opa	24	static
../lvgl/lvgl/src/core/lv_obj_style_gen.h:499:26:lv_obj_get_style_radius	24	static
../lvgl/lvgl/src/core/lv_obj_style_gen.h:505:20:lv_obj_get_style_clip_corner	24	static
../lvgl/lvgl/src/core/lv_obj_style_gen.h:511:24:lv_obj_get_style_opa	24	static
../lvgl/lvgl/src/core/lv_obj_style_gen.h:566:24:lv_obj_get_style_layout	24	static
../lvgl/lvgl/src/core/lv_obj.c:93:6:lv_is_initialized	4	static
../lvgl/lvgl/src/core/lv_obj.c:98:6:lv_init	32	static
../lvgl/lvgl/src/core/lv_obj.c:197:6:lv_deinit	8	static
../lvgl/lvgl/src/core/lv_obj.c:215:12:lv_obj_create	24	static
../lvgl/lvgl/src/core/lv_obj.c:231:6:lv_obj_add_flag	48	static
../lvgl/lvgl/src/core/lv_obj.c:268:6:lv_obj_clear_flag	40	static
../lvgl/lvgl/src/core/lv_obj.c:296:6:lv_obj_add_state	24	static
../lvgl/lvgl/src/core/lv_obj.c:306:6:lv_obj_clear_state	24	static
../lvgl/lvgl/src/core/lv_obj.c:320:6:lv_obj_has_flag	16	static
../lvgl/lvgl/src/core/lv_obj.c:327:6:lv_obj_has_flag_any	16	static
../lvgl/lvgl/src/core/lv_obj.c:334:12:lv_obj_get_state	16	static
../lvgl/lvgl/src/core/lv_obj.c:341:6:lv_obj_has_state	16	static
../lvgl/lvgl/src/core/lv_obj.c:348:8:lv_obj_get_group	16	static
../lvgl/lvgl/src/core/lv_obj.c:360:6:lv_obj_allocate_spec_attr	16	static
../lvgl/lvgl/src/core/lv_obj.c:378:6:lv_obj_check_type	16	static
../lvgl/lvgl/src/core/lv_obj.c:384:6:lv_obj_has_class	24	static
../lvgl/lvgl/src/core/lv_obj.c:395:24:lv_obj_get_class	16	static
../lvgl/lvgl/src/core/lv_obj.c:400:6:lv_obj_is_valid	32	static
../lvgl/lvgl/src/core/lv_obj.c:421:13:lv_obj_constructor	32	static
../lvgl/lvgl/src/core/lv_obj.c:452:13:lv_obj_destructor	24	static
../lvgl/lvgl/src/core/lv_obj.c:485:13:lv_obj_draw	248	static
../lvgl/lvgl/src/core/lv_obj.c:634:13:draw_scrollbar	192	static
../lvgl/lvgl/src/core/lv_obj.c:675:17:scrollbar_init_draw_dsc	32	static
../lvgl/lvgl/src/core/lv_obj.c:727:13:lv_obj_event	120	static
../lvgl/lvgl/src/core/lv_obj.c:882:13:lv_obj_set_state	88	static
../lvgl/lvgl/src/core/lv_obj.c:955:13:obj_valid_child	32	static
