c:\users\subas\documents\mcuxpressoide_11.9.0_2144\workspace\evkbmimxrt1170_lvgl_guider_cm7_v8\cdd\lvgl\src\misc\lv_color.h:439:48:lv_color_mix	32	static
c:\users\subas\documents\mcuxpressoide_11.9.0_2144\workspace\evkbmimxrt1170_lvgl_guider_cm7_v8\cdd\lvgl\src\misc\lv_color.h:595:26:lv_color_make	16	static
c:\users\subas\documents\mcuxpressoide_11.9.0_2144\workspace\evkbmimxrt1170_lvgl_guider_cm7_v8\cdd\lvgl\src\misc\lv_color.h:600:26:lv_color_hex	24	static
c:\users\subas\documents\mcuxpressoide_11.9.0_2144\workspace\evkbmimxrt1170_lvgl_guider_cm7_v8\cdd\lvgl\src\misc\lv_color.h:640:20:lv_color_filter_dsc_init	16	static
c:\users\subas\documents\mcuxpressoide_11.9.0_2144\workspace\evkbmimxrt1170_lvgl_guider_cm7_v8\cdd\lvgl\src\misc\lv_color.h:696:26:lv_color_white	8	static
c:\users\subas\documents\mcuxpressoide_11.9.0_2144\workspace\evkbmimxrt1170_lvgl_guider_cm7_v8\cdd\lvgl\src\misc\lv_style.h:530:20:lv_style_set_pad_all	16	static
c:\users\subas\documents\mcuxpressoide_11.9.0_2144\workspace\evkbmimxrt1170_lvgl_guider_cm7_v8\cdd\lvgl\src\misc\lv_style.h:538:20:lv_style_set_pad_hor	16	static
c:\users\subas\documents\mcuxpressoide_11.9.0_2144\workspace\evkbmimxrt1170_lvgl_guider_cm7_v8\cdd\lvgl\src\misc\lv_style.h:544:20:lv_style_set_pad_ver	16	static
c:\users\subas\documents\mcuxpressoide_11.9.0_2144\workspace\evkbmimxrt1170_lvgl_guider_cm7_v8\cdd\lvgl\src\misc\lv_style.h:550:20:lv_style_set_pad_gap	16	static
c:\users\subas\documents\mcuxpressoide_11.9.0_2144\workspace\evkbmimxrt1170_lvgl_guider_cm7_v8\cdd\lvgl\src\core\lv_disp.h:255:26:lv_disp_dpx	16	static
../CDD/lvgl/src/extra/themes/default/lv_theme_default.c:200:19:dark_color_filter_cb	24	static
../CDD/lvgl/src/extra/themes/default/lv_theme_default.c:206:19:grey_filter_cb	24	static
../CDD/lvgl/src/extra/themes/default/lv_theme_default.c:213:13:style_init	32	static
../CDD/lvgl/src/extra/themes/default/lv_theme_default.c:691:14:lv_theme_default_init	24	static
../CDD/lvgl/src/extra/themes/default/lv_theme_default.c:726:14:lv_theme_default_get	8	static
../CDD/lvgl/src/extra/themes/default/lv_theme_default.c:735:6:lv_theme_default_is_inited	4	static
../CDD/lvgl/src/extra/themes/default/lv_theme_default.c:741:13:theme_apply	16	static
../CDD/lvgl/src/extra/themes/default/lv_theme_default.c:1255:13:style_init_reset	16	static
