c:\users\subas\documents\mcuxpressoide_11.9.0_2144\workspace\evkbmimxrt1170_lvgl_guider_cm7_v8\cdd\lvgl\src\font\lv_font.h:124:26:lv_font_get_line_height	16	static
c:\users\subas\documents\mcuxpressoide_11.9.0_2144\workspace\evkbmimxrt1170_lvgl_guider_cm7_v8\cdd\lvgl\src\core\lv_obj_style_gen.h:85:26:lv_obj_get_style_transform_angle	24	static
c:\users\subas\documents\mcuxpressoide_11.9.0_2144\workspace\evkbmimxrt1170_lvgl_guider_cm7_v8\cdd\lvgl\src\core\lv_obj_style_gen.h:103:26:lv_obj_get_style_pad_top	24	static
c:\users\subas\documents\mcuxpressoide_11.9.0_2144\workspace\evkbmimxrt1170_lvgl_guider_cm7_v8\cdd\lvgl\src\core\lv_obj_style_gen.h:109:26:lv_obj_get_style_pad_bottom	24	static
c:\users\subas\documents\mcuxpressoide_11.9.0_2144\workspace\evkbmimxrt1170_lvgl_guider_cm7_v8\cdd\lvgl\src\core\lv_obj_style_gen.h:115:26:lv_obj_get_style_pad_left	24	static
c:\users\subas\documents\mcuxpressoide_11.9.0_2144\workspace\evkbmimxrt1170_lvgl_guider_cm7_v8\cdd\lvgl\src\core\lv_obj_style_gen.h:121:26:lv_obj_get_style_pad_right	24	static
c:\users\subas\documents\mcuxpressoide_11.9.0_2144\workspace\evkbmimxrt1170_lvgl_guider_cm7_v8\cdd\lvgl\src\core\lv_obj_style_gen.h:256:26:lv_obj_get_style_border_width	24	static
c:\users\subas\documents\mcuxpressoide_11.9.0_2144\workspace\evkbmimxrt1170_lvgl_guider_cm7_v8\cdd\lvgl\src\core\lv_obj_style_gen.h:469:33:lv_obj_get_style_text_font	24	static
c:\users\subas\documents\mcuxpressoide_11.9.0_2144\workspace\evkbmimxrt1170_lvgl_guider_cm7_v8\cdd\lvgl\src\core\lv_obj_style_gen.h:481:26:lv_obj_get_style_text_line_space	24	static
c:\users\subas\documents\mcuxpressoide_11.9.0_2144\workspace\evkbmimxrt1170_lvgl_guider_cm7_v8\cdd\lvgl\src\core\lv_obj_style_gen.h:572:29:lv_obj_get_style_base_dir	24	static
../CDD/lvgl/src/widgets/lv_dropdown.c:92:12:lv_dropdown_create	24	static
../CDD/lvgl/src/widgets/lv_dropdown.c:104:6:lv_dropdown_set_text	24	static
../CDD/lvgl/src/widgets/lv_dropdown.c:115:6:lv_dropdown_set_options	32	static
../CDD/lvgl/src/widgets/lv_dropdown.c:162:6:lv_dropdown_set_options_static	24	static
../CDD/lvgl/src/widgets/lv_dropdown.c:191:6:lv_dropdown_add_option	72	static
../CDD/lvgl/src/widgets/lv_dropdown.c:262:6:lv_dropdown_clear_options	24	static
../CDD/lvgl/src/widgets/lv_dropdown.c:279:6:lv_dropdown_set_selected	24	static
../CDD/lvgl/src/widgets/lv_dropdown.c:296:6:lv_dropdown_set_dir	24	static
../CDD/lvgl/src/widgets/lv_dropdown.c:308:6:lv_dropdown_set_symbol	24	static
../CDD/lvgl/src/widgets/lv_dropdown.c:317:6:lv_dropdown_set_selected_highlight	24	static
../CDD/lvgl/src/widgets/lv_dropdown.c:330:12:lv_dropdown_get_list	24	static
../CDD/lvgl/src/widgets/lv_dropdown.c:338:14:lv_dropdown_get_text	24	static
../CDD/lvgl/src/widgets/lv_dropdown.c:346:14:lv_dropdown_get_options	24	static
../CDD/lvgl/src/widgets/lv_dropdown.c:354:10:lv_dropdown_get_selected	24	static
../CDD/lvgl/src/widgets/lv_dropdown.c:363:10:lv_dropdown_get_option_cnt	24	static
../CDD/lvgl/src/widgets/lv_dropdown.c:372:6:lv_dropdown_get_selected_str	48	static
../CDD/lvgl/src/widgets/lv_dropdown.c:406:9:lv_dropdown_get_option_index	32	static
../CDD/lvgl/src/widgets/lv_dropdown.c:426:14:lv_dropdown_get_symbol	24	static
../CDD/lvgl/src/widgets/lv_dropdown.c:433:6:lv_dropdown_get_selected_highlight	24	static
../CDD/lvgl/src/widgets/lv_dropdown.c:440:10:lv_dropdown_get_dir	24	static
../CDD/lvgl/src/widgets/lv_dropdown.c:451:6:lv_dropdown_open	64	static
../CDD/lvgl/src/widgets/lv_dropdown.c:549:6:lv_dropdown_close	24	static
../CDD/lvgl/src/widgets/lv_dropdown.c:562:6:lv_dropdown_is_open	24	static
../CDD/lvgl/src/widgets/lv_dropdown.c:574:19:lv_dropdown_list_create	24	static
../CDD/lvgl/src/widgets/lv_dropdown.c:582:13:lv_dropdown_constructor	24	static
../CDD/lvgl/src/widgets/lv_dropdown.c:612:13:lv_dropdown_destructor	24	static
../CDD/lvgl/src/widgets/lv_dropdown.c:628:13:lv_dropdownlist_constructor	16	static
../CDD/lvgl/src/widgets/lv_dropdown.c:643:13:lv_dropdownlist_destructor	32	static
../CDD/lvgl/src/widgets/lv_dropdown.c:652:13:lv_dropdown_event	56	static
../CDD/lvgl/src/widgets/lv_dropdown.c:742:13:lv_dropdown_list_event	32	static
../CDD/lvgl/src/widgets/lv_dropdown.c:778:13:draw_main	216	static
../CDD/lvgl/src/widgets/lv_dropdown.c:892:13:draw_list	56	static
../CDD/lvgl/src/widgets/lv_dropdown.c:928:13:draw_box	136	static
../CDD/lvgl/src/widgets/lv_dropdown.c:966:13:draw_box_label	120	static
../CDD/lvgl/src/widgets/lv_dropdown.c:1013:17:btn_release_handler	32	static
../CDD/lvgl/src/widgets/lv_dropdown.c:1049:17:list_release_handler	48	static
../CDD/lvgl/src/widgets/lv_dropdown.c:1085:13:list_press_handler	40	static
../CDD/lvgl/src/widgets/lv_dropdown.c:1100:17:get_id_on_point	40	static
../CDD/lvgl/src/widgets/lv_dropdown.c:1124:13:position_to_selected	48	static
../CDD/lvgl/src/widgets/lv_dropdown.c:1144:19:get_label	24	static
