../generated/../lvgl/lvgl/src/misc/lv_anim.h:126:20:lv_anim_set_var	16	static
../generated/../lvgl/lvgl/src/misc/lv_anim.h:138:20:lv_anim_set_exec_cb	16	static
../generated/../lvgl/lvgl/src/misc/lv_anim.h:148:20:lv_anim_set_time	16	static
../generated/../lvgl/lvgl/src/misc/lv_anim.h:158:20:lv_anim_set_delay	16	static
../generated/../lvgl/lvgl/src/misc/lv_anim.h:169:20:lv_anim_set_values	24	static
../generated/../lvgl/lvgl/src/misc/lv_anim.h:196:20:lv_anim_set_path_cb	16	static
../generated/../lvgl/lvgl/src/misc/lv_anim.h:206:20:lv_anim_set_start_cb	16	static
../generated/../lvgl/lvgl/src/misc/lv_anim.h:227:20:lv_anim_set_ready_cb	16	static
../generated/../lvgl/lvgl/src/misc/lv_anim.h:237:20:lv_anim_set_deleted_cb	16	static
../generated/../lvgl/lvgl/src/misc/lv_anim.h:247:20:lv_anim_set_playback_time	16	static
../generated/../lvgl/lvgl/src/misc/lv_anim.h:257:20:lv_anim_set_playback_delay	16	static
../generated/../lvgl/lvgl/src/misc/lv_anim.h:267:20:lv_anim_set_repeat_count	16	static
../generated/../lvgl/lvgl/src/misc/lv_anim.h:277:20:lv_anim_set_repeat_delay	16	static
../generated/../lvgl/lvgl/src/core/lv_disp.h:182:26:lv_scr_act	8	static
../generated/../lvgl/lvgl/src/core/lv_disp.h:205:20:lv_scr_load	16	static
../generated/gui_guider.c:18:6:ui_init_style	16	static
../generated/gui_guider.c:26:6:ui_load_scr_animation	40	static
../generated/gui_guider.c:46:6:ui_move_animation	96	static
../generated/gui_guider.c:72:6:ui_scale_animation	96	static
../generated/gui_guider.c:98:6:ui_img_zoom_animation	96	static
../generated/gui_guider.c:120:6:ui_img_rotate_animation	96	static
../generated/gui_guider.c:143:6:init_scr_del_flag	16	static
../generated/gui_guider.c:149:6:setup_ui	16	static
