c:\users\subas\documents\mcuxpressoide_11.9.0_2144\workspace\evkbmimxrt1170_lvgl_guider_cm7_v8\cdd\lvgl\src\misc\lv_color.h:595:26:lv_color_make	16	static
c:\users\subas\documents\mcuxpressoide_11.9.0_2144\workspace\evkbmimxrt1170_lvgl_guider_cm7_v8\cdd\lvgl\src\misc\lv_color.h:696:26:lv_color_white	8	static
c:\users\subas\documents\mcuxpressoide_11.9.0_2144\workspace\evkbmimxrt1170_lvgl_guider_cm7_v8\cdd\lvgl\src\misc\lv_color.h:700:26:lv_color_black	8	static
c:\users\subas\documents\mcuxpressoide_11.9.0_2144\workspace\evkbmimxrt1170_lvgl_guider_cm7_v8\cdd\lvgl\src\misc\lv_area.h:110:20:lv_area_copy	16	static
c:\users\subas\documents\mcuxpressoide_11.9.0_2144\workspace\evkbmimxrt1170_lvgl_guider_cm7_v8\cdd\lvgl\src\misc\lv_area.h:123:26:lv_area_get_width	16	static
c:\users\subas\documents\mcuxpressoide_11.9.0_2144\workspace\evkbmimxrt1170_lvgl_guider_cm7_v8\cdd\lvgl\src\misc\lv_area.h:133:26:lv_area_get_height	16	static
../CDD/lvgl/src/draw/lv_draw_img.c:48:6:lv_draw_img_dsc_init	24	static
../CDD/lvgl/src/draw/lv_draw_img.c:64:6:lv_draw_img	40	static
../CDD/lvgl/src/draw/lv_draw_img.c:95:9:lv_img_cf_get_px_size	24	static
../CDD/lvgl/src/draw/lv_draw_img.c:140:6:lv_img_cf_is_chroma_keyed	24	static
../CDD/lvgl/src/draw/lv_draw_img.c:163:6:lv_img_cf_has_alpha	24	static
../CDD/lvgl/src/draw/lv_draw_img.c:196:14:lv_img_src_get_type	24	static
../CDD/lvgl/src/draw/lv_draw_img.c:229:6:lv_draw_img_decoded	40	static
../CDD/lvgl/src/draw/lv_draw_img.c:241:39:decode_and_draw	136	static
../CDD/lvgl/src/draw/lv_draw_img.c:356:13:show_error	152	static
../CDD/lvgl/src/draw/lv_draw_img.c:368:13:draw_cleanup	16	static
