D:/middleware/evkbmimxrt1170_lvgl_guider_cm7_v8/lvgl/lvgl/src/misc/lv_color.h:600:26:lv_color_hex	24	static
../source/application/HMI/presentation.c:20:6:set_ui	16	static
../source/application/HMI/presentation.c:24:6:setSpeed	24	static
../source/application/HMI/presentation.c:44:6:setRideMode	16	static
../source/application/HMI/presentation.c:72:6:setBatteryPercentage	24	static
../source/application/HMI/presentation.c:91:6:setOdometerValue	24	static
../source/application/HMI/presentation.c:97:6:setGearShiftIndicator	24	static
../source/application/HMI/presentation.c:123:6:setAdaptiveHeadLampValue	16	static
../source/application/HMI/presentation.c:128:6:setDRLValue	16	static
../source/application/HMI/presentation.c:133:6:setTractionControlValue	16	static
../source/application/HMI/presentation.c:138:6:setQuickShifterValue	16	static
../source/application/HMI/presentation.c:143:6:setCruiseControlValue	16	static
../source/application/HMI/presentation.c:148:6:setTPMS	32	static
../source/application/HMI/presentation.c:157:6:setAverageMileage	24	static
../source/application/HMI/presentation.c:163:6:setInstantMileage	24	static
../source/application/HMI/presentation.c:169:6:setTopSpeed	24	static
../source/application/HMI/presentation.c:175:6:setAverageSpeed	24	static
../source/application/HMI/presentation.c:181:6:set0to60	24	static
../source/application/HMI/presentation.c:187:6:setBateryEfficiency	24	static
../source/application/HMI/presentation.c:193:6:setButtonValue	16	static
../source/application/HMI/presentation.c:202:6:setCallState	16	static
../source/application/HMI/presentation.c:205:6:setNavigationState	16	static
../source/application/HMI/presentation.c:209:6:enableMainScreen	8	static
../source/application/HMI/presentation.c:212:6:disableMainScreen	8	static
../source/application/HMI/presentation.c:215:6:enableMenuScreen	8	static
../source/application/HMI/presentation.c:221:6:disableMenuScreen	8	static
../source/application/HMI/presentation.c:227:6:enableBLECallScreen	8	static
../source/application/HMI/presentation.c:233:6:disableBLECallScreen	8	static
../source/application/HMI/presentation.c:239:6:enableBLENavigationScreen	8	static
../source/application/HMI/presentation.c:245:6:disableBLENavigationScreen	8	static
../source/application/HMI/presentation.c:252:6:HomeScreen	8	static
../source/application/HMI/presentation.c:307:6:setBLE_ConnectionStatus	16	static
../source/application/HMI/presentation.c:326:6:setBLE_PhoneBatteryStatus	16	static
../source/application/HMI/presentation.c:340:6:setBLE_PhoneSignalStrengthStatus	16	static
../source/application/HMI/presentation.c:359:6:setBLE_PhoneMissedCallStatus	16	static
../source/application/HMI/presentation.c:365:6:setNavigationTurn_by_TurnInfo	24	static
../source/application/HMI/presentation.c:397:6:setCallerName_Number	24	static
../source/application/HMI/presentation.c:407:6:set_BLENavigationStatus	16	static
../source/application/HMI/presentation.c:416:6:setBLE_PhoneCallStatus	16	static
../source/application/HMI/presentation.c:442:6:setMenuScreen	24	static
