D:\middleware\evkbmimxrt1170_lvgl_guider_cm7_v8\CMSIS/mpu_armv7.h:191:22:ARM_MPU_Enable	16	static
D:\middleware\evkbmimxrt1170_lvgl_guider_cm7_v8\CMSIS/mpu_armv7.h:204:22:ARM_MPU_Disable	4	static
D:/middleware/evkbmimxrt1170_lvgl_guider_cm7_v8/Mcal/fsl_clock.h:2071:24:CLOCK_GetRootClockMux	16	static
D:/middleware/evkbmimxrt1170_lvgl_guider_cm7_v8/Mcal/fsl_clock.h:2112:24:CLOCK_GetRootClockDiv	16	static
D:/middleware/evkbmimxrt1170_lvgl_guider_cm7_v8/Mcal/fsl_clock.h:2157:20:CLOCK_SetRootClock	16	static
D:/middleware/evkbmimxrt1170_lvgl_guider_cm7_v8/Mcal/fsl_clock.h:2240:24:CLOCK_GetRootClockFreq	32	static
../board/board.c:25:10:BOARD_DebugConsoleSrcFreq	8	static
../board/board.c:37:6:BOARD_InitDebugConsole	16	static
../board/board.c:44:6:BOARD_LPI2C_Init	48	static
../board/board.c:62:10:BOARD_LPI2C_Send	48	static
../board/board.c:82:10:BOARD_LPI2C_Receive	48	static
../board/board.c:102:10:BOARD_LPI2C_SendSCCB	48	static
../board/board.c:122:10:BOARD_LPI2C_ReceiveSCCB	56	static
../board/board.c:155:6:BOARD_Accel_I2C_Init	8	static
../board/board.c:160:10:BOARD_Accel_I2C_Send	40	static
../board/board.c:167:10:BOARD_Accel_I2C_Receive	32	static
../board/board.c:173:6:BOARD_Codec_I2C_Init	8	static
../board/board.c:178:10:BOARD_Codec_I2C_Send	32	static
../board/board.c:185:10:BOARD_Codec_I2C_Receive	32	static
../board/board.c:191:6:BOARD_Camera_I2C_Init	16	static
../board/board.c:204:10:BOARD_Camera_I2C_Send	32	static
../board/board.c:211:10:BOARD_Camera_I2C_Receive	32	static
../board/board.c:218:10:BOARD_Camera_I2C_SendSCCB	32	static
../board/board.c:225:10:BOARD_Camera_I2C_ReceiveSCCB	32	static
../board/board.c:232:6:BOARD_MIPIPanelTouch_I2C_Init	16	static
../board/board.c:246:10:BOARD_MIPIPanelTouch_I2C_Send	32	static
../board/board.c:253:10:BOARD_MIPIPanelTouch_I2C_Receive	32	static
../board/board.c:263:6:BOARD_ConfigMPU	48	static
../board/board.c:663:6:BOARD_SD_Pin_Config	16	static
../board/board.c:667:6:BOARD_MMC_Pin_Config	16	static
