D:\middleware\evkbmimxrt1170_lvgl_guider_cm7_v8\CMSIS/core_cm7.h:1911:22:__NVIC_EnableIRQ	16	static
D:\middleware\evkbmimxrt1170_lvgl_guider_cm7_v8\CMSIS/core_cm7.h:2002:22:__NVIC_ClearPendingIRQ	16	static
D:\middleware\evkbmimxrt1170_lvgl_guider_cm7_v8\CMSIS/core_cm7.h:2041:22:__NVIC_SetPriority	16	static
D:/middleware/evkbmimxrt1170_lvgl_guider_cm7_v8/Mcal/fsl_clock.h:2071:24:CLOCK_GetRootClockMux	16	static
D:/middleware/evkbmimxrt1170_lvgl_guider_cm7_v8/Mcal/fsl_clock.h:2112:24:CLOCK_GetRootClockDiv	16	static
D:/middleware/evkbmimxrt1170_lvgl_guider_cm7_v8/Mcal/fsl_clock.h:2157:20:CLOCK_SetRootClock	16	static
D:/middleware/evkbmimxrt1170_lvgl_guider_cm7_v8/Mcal/fsl_clock.h:2178:20:CLOCK_ControlGate	16	static
D:/middleware/evkbmimxrt1170_lvgl_guider_cm7_v8/Mcal/fsl_clock.h:2197:20:CLOCK_EnableClock	16	static
D:/middleware/evkbmimxrt1170_lvgl_guider_cm7_v8/Mcal/fsl_clock.h:2240:24:CLOCK_GetRootClockFreq	32	static
D:/middleware/evkbmimxrt1170_lvgl_guider_cm7_v8/Mcal/fsl_common_arm.h:514:24:EnableIRQ	24	static
../board/display_support.c:274:13:BOARD_PullPanelResetPin	16	static
../board/display_support.c:294:13:BOARD_PullPanelPowerPin	16	static
../board/display_support.c:314:17:BOARD_DSI_Transfer	16	static
../board/display_support.c:319:13:BOARD_InitLcdifClock	16	static
../board/display_support.c:352:13:BOARD_InitMipiDsiClock	32	static
../board/display_support.c:389:17:BOARD_InitLcdPanel	48	static
../board/display_support.c:439:13:BOARD_SetMipiDsiConfig	88	static
../board/display_support.c:507:10:BOARD_InitDisplayInterface	8	static
../board/display_support.c:546:6:LCDIFv2_IRQHandler	8	static
../board/display_support.c:557:10:BOARD_VerifyDisplayClockSource	16	static
../board/display_support.c:581:10:BOARD_PrepareDisplayController	16	static
