../board/../Mcal/../Mcal/../Mcal/fsl_clock.h:2178:20:CLOCK_ControlGate	16	static
../board/../Mcal/../Mcal/../Mcal/fsl_clock.h:2197:20:CLOCK_EnableClock	16	static
../board/../Mcal/fsl_gpio.h:253:20:GPIO_PortEnableInterrupts	16	static
../board/../Mcal/fsl_iomuxc.h:1633:20:IOMUXC_SetPinMux	24	static
../board/../Mcal/fsl_iomuxc.h:1665:20:IOMUXC_SetPinConfig	24	static
../board/pin_mux.c:37:6:BOARD_InitBootPins	8	static
../board/pin_mux.c:65:6:BOARD_InitPins	32	static
../board/pin_mux.c:208:6:BOARD_InitMipiPanelPins	16	static
