../Mcal/../Mcal/fsl_clock.h:2071:24:CLOCK_GetRootClockMux	16	static
../Mcal/../Mcal/fsl_clock.h:2112:24:CLOCK_GetRootClockDiv	16	static
../Mcal/../Mcal/fsl_clock.h:2178:20:CLOCK_ControlGate	16	static
../Mcal/../Mcal/fsl_clock.h:2197:20:CLOCK_EnableClock	16	static
../Mcal/../Mcal/fsl_clock.h:2240:24:CLOCK_GetRootClockFreq	32	static
../Mcal/../Mcal/fsl_clock.h:2254:24:CLOCK_GetM7Freq	8	static
../Mcal/../Mcal/fsl_clock.h:3146:20:CLOCK_ROOT_ControlByUnassignedMode	16	static
../Mcal/../Mcal/fsl_clock.h:3161:20:CLOCK_ROOT_ConfigSetPoint	24	static
../Mcal/../Mcal/fsl_clock.h:3180:20:CLOCK_ROOT_EnableSetPointControl	16	static
../Mcal/fsl_clock.c:119:6:CLOCK_InitArmPll	24	static
../Mcal/fsl_clock.c:179:6:CLOCK_DeinitArmPll	16	static
../Mcal/fsl_clock.c:188:6:CLOCK_CalcPllSpreadSpectrum	24	static
../Mcal/fsl_clock.c:197:6:CLOCK_InitSysPll2	24	static
../Mcal/fsl_clock.c:279:6:CLOCK_DeinitSysPll2	4	static
../Mcal/fsl_clock.c:301:6:CLOCK_IsSysPll2PfdEnabled	16	static
../Mcal/fsl_clock.c:309:6:CLOCK_InitPfd	40	static
../Mcal/fsl_clock.c:364:6:CLOCK_DeinitPfd	24	static
../Mcal/fsl_clock.c:393:10:CLOCK_GetPfdFreq	24	static
../Mcal/fsl_clock.c:445:6:CLOCK_InitSysPll3	8	static
../Mcal/fsl_clock.c:496:6:CLOCK_DeinitSysPll3	4	static
../Mcal/fsl_clock.c:516:6:CLOCK_IsSysPll3PfdEnabled	16	static
../Mcal/fsl_clock.c:522:6:CLOCK_SetPllBypass	16	static
../Mcal/fsl_clock.c:553:13:ANATOP_PllSetPower	16	static
../Mcal/fsl_clock.c:559:13:ANATOP_PllBypass	16	static
../Mcal/fsl_clock.c:564:13:ANATOP_PllEnablePllReg	16	static
../Mcal/fsl_clock.c:569:13:ANATOP_PllHoldRingOff	16	static
../Mcal/fsl_clock.c:574:13:ANATOP_PllToggleHoldRingOff	16	static
../Mcal/fsl_clock.c:581:13:ANATOP_PllEnableSs	16	static
../Mcal/fsl_clock.c:586:13:ANATOP_PllEnableClk	16	static
../Mcal/fsl_clock.c:591:13:ANATOP_PllConfigure	24	static
../Mcal/fsl_clock.c:616:13:ANATOP_AudioPllGate	16	static
../Mcal/fsl_clock.c:628:13:ANATOP_AudioPllSwEnClk	16	static
../Mcal/fsl_clock.c:640:10:CLOCK_InitAudioPllWithFreq	48	static
../Mcal/fsl_clock.c:659:6:CLOCK_InitAudioPll	40	static
../Mcal/fsl_clock.c:710:6:CLOCK_DeinitAudioPll	8	static
../Mcal/fsl_clock.c:720:6:CLOCK_GPC_SetAudioPllOutputFreq	16	static
../Mcal/fsl_clock.c:736:13:ANATOP_VideoPllGate	16	static
../Mcal/fsl_clock.c:748:13:ANATOP_VideoPllSwEnClk	16	static
../Mcal/fsl_clock.c:760:10:CLOCK_CalcArmPllFreq	24	static
../Mcal/fsl_clock.c:808:10:CLOCK_InitArmPllWithFreq	24	static
../Mcal/fsl_clock.c:819:10:CLOCK_CalcAvPllFreq	24	static
../Mcal/fsl_clock.c:889:10:CLOCK_InitVideoPllWithFreq	48	static
../Mcal/fsl_clock.c:908:6:CLOCK_InitVideoPll	40	static
../Mcal/fsl_clock.c:959:6:CLOCK_DeinitVideoPll	8	static
../Mcal/fsl_clock.c:969:6:CLOCK_GPC_SetVideoPllOutputFreq	16	static
../Mcal/fsl_clock.c:986:13:ANATOP_SysPll1Gate	16	static
../Mcal/fsl_clock.c:998:13:ANATOP_SysPll1Div2En	16	static
../Mcal/fsl_clock.c:1010:13:ANATOP_SysPll1Div5En	16	static
../Mcal/fsl_clock.c:1022:13:ANATOP_SysPll1SwEnClk	16	static
../Mcal/fsl_clock.c:1034:13:ANATOP_SysPll1WaitStable	16	static
../Mcal/fsl_clock.c:1045:6:CLOCK_InitSysPll1	40	static
../Mcal/fsl_clock.c:1084:6:CLOCK_DeinitSysPll1	8	static
../Mcal/fsl_clock.c:1096:6:CLOCK_GPC_SetSysPll1OutputFreq	16	static
../Mcal/fsl_clock.c:1113:6:CLOCK_OSC_EnableOsc24M	4	static
../Mcal/fsl_clock.c:1131:6:CLOCK_OSC_SetOsc24MWorkMode	24	static
../Mcal/fsl_clock.c:1153:6:CLOCK_OSC_SetOsc16MConfig	24	static
../Mcal/fsl_clock.c:1172:6:CLOCK_OSC_SetOscRc400MRefClkDiv	24	static
../Mcal/fsl_clock.c:1187:6:CLOCK_OSC_SetOscRc400MFastClkCount	24	static
../Mcal/fsl_clock.c:1206:6:CLOCK_OSC_SetOscRc400MHysteresisValue	24	static
../Mcal/fsl_clock.c:1224:6:CLOCK_OSC_BypassOscRc400MTuneLogic	16	static
../Mcal/fsl_clock.c:1243:6:CLOCK_OSC_EnableOscRc400MTuneLogic	16	static
../Mcal/fsl_clock.c:1262:6:CLOCK_OSC_FreezeOscRc400MTuneValue	16	static
../Mcal/fsl_clock.c:1279:6:CLOCK_OSC_SetOscRc400MTuneValue	24	static
../Mcal/fsl_clock.c:1297:6:CLOCK_OSC_Set1MHzOutputBehavior	24	static
../Mcal/fsl_clock.c:1324:6:CLOCK_OSC_SetLocked1MHzCount	32	static
../Mcal/fsl_clock.c:1351:6:CLOCK_OSC_CheckLocked1MHzErrorFlag	16	static
../Mcal/fsl_clock.c:1363:6:CLOCK_OSC_ClearLocked1MHzErrorFlag	8	static
../Mcal/fsl_clock.c:1373:10:CLOCK_OSC_GetCurrentOscRc400MFastClockCount	16	static
../Mcal/fsl_clock.c:1387:9:CLOCK_OSC_GetCurrentOscRc400MTuneValue	16	static
../Mcal/fsl_clock.c:1397:17:CLOCK_GetAvPllFreq	56	static
../Mcal/fsl_clock.c:1421:10:CLOCK_GetPllFreq	32	static
../Mcal/fsl_clock.c:1494:10:CLOCK_GetFreq	24	static
../Mcal/fsl_clock.c:1605:6:CLOCK_SetGroupConfig	16	static
../Mcal/fsl_clock.c:1614:6:CLOCK_OSC_TrimOscRc400M	16	static
../Mcal/fsl_clock.c:1626:6:CLOCK_OSC_EnableOscRc400M	4	static
../Mcal/fsl_clock.c:1632:10:CLOCK_GetFreqFromObs	16	static
../Mcal/fsl_clock.c:1661:6:CLOCK_EnableUsbhs0Clock	16	static
../Mcal/fsl_clock.c:1674:6:CLOCK_EnableUsbhs0PhyPllClock	24	static
../Mcal/fsl_clock.c:1771:6:CLOCK_DisableUsbhs0PhyPllClock	4	static
../Mcal/fsl_clock.c:1776:6:CLOCK_EnableUsbhs1Clock	16	static
../Mcal/fsl_clock.c:1780:6:CLOCK_EnableUsbhs1PhyPllClock	24	static
../Mcal/fsl_clock.c:1865:6:CLOCK_DisableUsbhs1PhyPllClock	4	static
../Mcal/fsl_clock.c:1871:6:CLOCK_OSCPLL_ControlBySetPointMode	16	static
../Mcal/fsl_clock.c:1882:6:CLOCK_OSCPLL_ControlByCpuLowPowerMode	16	static
../Mcal/fsl_clock.c:1899:6:CLOCK_ROOT_ControlBySetPointMode	24	static
../Mcal/fsl_clock.c:1914:6:CLOCK_LPCG_ControlBySetPointMode	16	static
../Mcal/fsl_clock.c:1925:6:CLOCK_LPCG_ControlByCpuLowPowerMode	16	static
