D:\middleware\evkbmimxrt1170_lvgl_guider_cm7_v8\CMSIS/core_cm7.h:1911:22:__NVIC_EnableIRQ	16	static
../Mcal/../Mcal/../Mcal/../Mcal/../Mcal/fsl_clock.h:2178:20:CLOCK_ControlGate	16	static
../Mcal/../Mcal/../Mcal/../Mcal/../Mcal/fsl_clock.h:2197:20:CLOCK_EnableClock	16	static
../Mcal/../Mcal/../Mcal/../Mcal/fsl_common_arm.h:514:24:EnableIRQ	24	static
../Mcal/../Mcal/fsl_flexspi.h:432:20:FLEXSPI_SoftwareReset	16	static
../Mcal/../Mcal/fsl_flexspi.h:470:20:FLEXSPI_EnableInterrupts	16	static
../Mcal/../Mcal/fsl_flexspi.h:481:20:FLEXSPI_DisableInterrupts	16	static
../Mcal/../Mcal/fsl_flexspi.h:616:20:FLEXSPI_ClearInterruptStatusFlags	16	static
../Mcal/../Mcal/fsl_flexspi.h:687:20:FLEXSPI_GetBusIdleStatus	16	static
../Mcal/fsl_flexspi.c:118:13:FLEXSPI_Memset	32	static
../Mcal/fsl_flexspi.c:130:10:FLEXSPI_GetInstance	24	static
../Mcal/fsl_flexspi.c:148:17:FLEXSPI_CalculateDll	40	static
../Mcal/fsl_flexspi.c:213:10:FLEXSPI_CheckAndClearError	24	static
../Mcal/fsl_flexspi.c:255:6:FLEXSPI_Init	24	static
../Mcal/fsl_flexspi.c:361:6:FLEXSPI_GetDefaultConfig	24	static
../Mcal/fsl_flexspi.c:419:6:FLEXSPI_Deinit	16	static
../Mcal/fsl_flexspi.c:432:6:FLEXSPI_UpdateDllValue	40	static
../Mcal/fsl_flexspi.c:494:6:FLEXSPI_SetFlashConfig	32	static
../Mcal/fsl_flexspi.c:587:6:FLEXSPI_UpdateLUT	32	static
../Mcal/fsl_flexspi.c:623:6:FLEXSPI_UpdateRxSampleClock	24	static
../Mcal/fsl_flexspi.c:652:10:FLEXSPI_WriteBlocking	48	static
../Mcal/fsl_flexspi.c:731:10:FLEXSPI_ReadBlocking	48	static
../Mcal/fsl_flexspi.c:836:10:FLEXSPI_TransferBlocking	24	static
../Mcal/fsl_flexspi.c:904:6:FLEXSPI_TransferCreateHandle	32	static
../Mcal/fsl_flexspi.c:945:10:FLEXSPI_TransferNonBlocking	32	static
../Mcal/fsl_flexspi.c:1022:10:FLEXSPI_TransferGetCount	32	static
../Mcal/fsl_flexspi.c:1049:6:FLEXSPI_TransferAbort	16	static
../Mcal/fsl_flexspi.c:1063:6:FLEXSPI_TransferHandleIRQ	64	static
../Mcal/fsl_flexspi.c:1230:6:FLEXSPI1_DriverIRQHandler	8	static
../Mcal/fsl_flexspi.c:1238:6:FLEXSPI2_DriverIRQHandler	8	static
