D:\middleware\evkbmimxrt1170_lvgl_guider_cm7_v8\CMSIS/core_cm7.h:1911:22:__NVIC_EnableIRQ	16	static
../Mcal/../Mcal/../Mcal/../Mcal/../Mcal/fsl_clock.h:2178:20:CLOCK_ControlGate	16	static
../Mcal/../Mcal/../Mcal/../Mcal/../Mcal/fsl_clock.h:2197:20:CLOCK_EnableClock	16	static
../Mcal/../Mcal/../Mcal/../Mcal/../Mcal/fsl_clock.h:2207:20:CLOCK_DisableClock	16	static
../Mcal/../Mcal/../Mcal/../Mcal/fsl_common_arm.h:514:24:EnableIRQ	24	static
../Mcal/../Mcal/fsl_mipi_dsi.h:506:20:DSI_EnableInterrupts	24	static
../Mcal/../Mcal/fsl_mipi_dsi.h:521:20:DSI_DisableInterrupts	24	static
../Mcal/../Mcal/fsl_mipi_dsi.h:534:20:DSI_GetAndClearInterruptStatus	24	static
../Mcal/../Mcal/fsl_mipi_dsi.h:620:20:DSI_SendApbPacket	16	static
../Mcal/../Mcal/fsl_mipi_dsi.h:693:24:DSI_GetRxPacketHeader	16	static
../Mcal/../Mcal/fsl_mipi_dsi.h:706:34:DSI_GetRxPacketType	16	static
../Mcal/../Mcal/fsl_mipi_dsi.h:720:24:DSI_GetRxPacketWordCount	16	static
../Mcal/fsl_mipi_dsi.c:203:17:DSI_NsToByteClk	16	static
../Mcal/fsl_mipi_dsi.c:218:17:DSI_NsUiToByteClk	24	static
../Mcal/fsl_mipi_dsi.c:227:17:DSI_GetInstance	24	static
../Mcal/fsl_mipi_dsi.c:246:16:DSI_EncodeDphyPllCn	24	static
../Mcal/fsl_mipi_dsi.c:264:16:DSI_EncodeDphyPllCm	24	static
../Mcal/fsl_mipi_dsi.c:290:17:DSI_DphyGetPllDivider	64	static
../Mcal/fsl_mipi_dsi.c:393:13:DSI_ApbClearRxFifo	24	static
../Mcal/fsl_mipi_dsi.c:415:6:DSI_Init	24	static
../Mcal/fsl_mipi_dsi.c:478:6:DSI_Deinit	16	static
../Mcal/fsl_mipi_dsi.c:502:6:DSI_GetDefaultConfig	16	static
../Mcal/fsl_mipi_dsi.c:532:6:DSI_SetDpiConfig	32	static
../Mcal/fsl_mipi_dsi.c:625:10:DSI_InitDphy	56	static
../Mcal/fsl_mipi_dsi.c:706:6:DSI_DeinitDphy	16	static
../Mcal/fsl_mipi_dsi.c:728:6:DSI_GetDphyDefaultConfig	32	static
../Mcal/fsl_mipi_dsi.c:831:6:DSI_SetApbPacketControl	24	static
../Mcal/fsl_mipi_dsi.c:862:6:DSI_WriteApbTxPayload	32	static
../Mcal/fsl_mipi_dsi.c:867:6:DSI_WriteApbTxPayloadExt	40	static
../Mcal/fsl_mipi_dsi.c:939:17:DSI_PrepareApbTransfer	48	static
../Mcal/fsl_mipi_dsi.c:1032:6:DSI_ReadApbRxPayload	40	static
../Mcal/fsl_mipi_dsi.c:1078:10:DSI_TransferBlocking	40	static
../Mcal/fsl_mipi_dsi.c:1139:17:DSI_HandleResult	40	static
../Mcal/fsl_mipi_dsi.c:1254:10:DSI_TransferCreateHandle	32	static
../Mcal/fsl_mipi_dsi.c:1296:10:DSI_TransferNonBlocking	40	static
../Mcal/fsl_mipi_dsi.c:1347:6:DSI_TransferAbort	16	static
../Mcal/fsl_mipi_dsi.c:1376:6:DSI_TransferHandleIRQ	48	static
../Mcal/fsl_mipi_dsi.c:1432:6:MIPI_DSI_DriverIRQHandler	8	static
