../Mcal/fsl_pmu.c:160:6:PMU_SetPllLdoControlMode	16	static
../Mcal/fsl_pmu.c:177:6:PMU_SwitchPllLdoToGPCMode	16	static
../Mcal/fsl_pmu.c:194:6:PMU_StaticEnablePllLdo	32	static
../Mcal/fsl_pmu.c:219:6:PMU_StaticDisablePllLdo	8	static
../Mcal/fsl_pmu.c:230:6:PMU_SetLpsrAnaLdoControlMode	16	static
../Mcal/fsl_pmu.c:250:6:PMU_StaticEnableLpsrAnaLdoBypassMode	16	static
../Mcal/fsl_pmu.c:304:6:PMU_StaticGetLpsrAnaLdoDefaultConfig	16	static
../Mcal/fsl_pmu.c:324:6:PMU_StaticLpsrAnaLdoInit	24	static
../Mcal/fsl_pmu.c:355:6:PMU_StaticLpsrAnaLdoDeinit	16	static
../Mcal/fsl_pmu.c:367:6:PMU_SetLpsrDigLdoControlMode	16	static
../Mcal/fsl_pmu.c:387:6:PMU_StaticEnableLpsrDigLdoBypassMode	16	static
../Mcal/fsl_pmu.c:423:6:PMU_StaticGetLpsrDigLdoDefaultConfig	16	static
../Mcal/fsl_pmu.c:440:6:PMU_StaticLpsrDigLdoInit	24	static
../Mcal/fsl_pmu.c:466:6:PMU_StaticLpsrDigLdoDeinit	16	static
../Mcal/fsl_pmu.c:480:6:PMU_GPCSetLpsrDigLdoTargetVoltage	48	static
../Mcal/fsl_pmu.c:522:6:PMU_GetSnvsDigLdoDefaultConfig	16	static
../Mcal/fsl_pmu.c:542:6:PMU_SnvsDigLdoInit	24	static
../Mcal/fsl_pmu.c:562:6:PMU_GPCEnableLdo	40	static
../Mcal/fsl_pmu.c:579:6:PMU_GPCSetLdoOperateMode	40	static
../Mcal/fsl_pmu.c:603:6:PMU_GPCEnableLdoTrackingMode	40	static
../Mcal/fsl_pmu.c:620:6:PMU_GPCEnableLdoBypassMode	40	static
../Mcal/fsl_pmu.c:637:6:PMU_GPCEnableLdoStandbyMode	40	static
../Mcal/fsl_pmu.c:652:6:PMU_SetBandgapControlMode	16	static
../Mcal/fsl_pmu.c:669:6:PMU_SwitchBandgapToGPCMode	16	static
../Mcal/fsl_pmu.c:688:6:PMU_DisableBandgapSelfBiasAfterPowerUp	16	static
../Mcal/fsl_pmu.c:711:6:PMU_EnableBandgapSelfBiasBeforePowerDown	16	static
../Mcal/fsl_pmu.c:725:6:PMU_StaticBandgapInit	24	static
../Mcal/fsl_pmu.c:751:6:PMU_WellBiasInit	24	static
../Mcal/fsl_pmu.c:778:6:PMU_GetWellBiasDefaultConfig	16	static
../Mcal/fsl_pmu.c:795:6:PMU_SetBodyBiasControlMode	24	static
../Mcal/fsl_pmu.c:842:6:PMU_EnableBodyBias	24	static
../Mcal/fsl_pmu.c:924:6:PMU_GPCEnableBodyBias	32	static
../Mcal/fsl_pmu.c:938:6:PMU_GPCEnableBodyBiasStandbyMode	32	static
../Mcal/fsl_pmu.c:950:6:PMU_GPCGetBodyBiasDefaultConfig	16	static
../Mcal/fsl_pmu.c:966:6:PMU_GPCSetBodyBiasConfig	32	static
