D:\middleware\evkbmimxrt1170_lvgl_guider_cm7_v8\CMSIS/core_cm7.h:1911:22:__NVIC_EnableIRQ	16	static
../Mcal/../Mcal/../Mcal/../Mcal/../Mcal/fsl_clock.h:2178:20:CLOCK_ControlGate	16	static
../Mcal/../Mcal/../Mcal/../Mcal/../Mcal/fsl_clock.h:2197:20:CLOCK_EnableClock	16	static
../Mcal/../Mcal/../Mcal/../Mcal/../Mcal/fsl_clock.h:2207:20:CLOCK_DisableClock	16	static
../Mcal/../Mcal/../Mcal/../Mcal/fsl_common_arm.h:514:24:EnableIRQ	24	static
../Mcal/../Mcal/../Mcal/../Mcal/fsl_common_arm.h:732:24:DisableGlobalIRQ	16	static
../Mcal/../Mcal/../Mcal/../Mcal/fsl_common_arm.h:758:20:EnableGlobalIRQ	24	static
../Mcal/../Mcal/fsl_flexcan.h:1440:24:FLEXCAN_GetStatusFlags	48	static
../Mcal/../Mcal/fsl_flexcan.h:1475:20:FLEXCAN_ClearStatusFlags	24	static
../Mcal/../Mcal/fsl_flexcan.h:1531:24:FLEXCAN_GetMbStatusFlags	64	static
../Mcal/../Mcal/fsl_flexcan.h:1576:20:FLEXCAN_ClearMbStatusFlags	24	static
../Mcal/../Mcal/fsl_flexcan.h:1670:20:FLEXCAN_EnableInterrupts	40	static
../Mcal/../Mcal/fsl_flexcan.h:1722:20:FLEXCAN_DisableInterrupts	40	static
../Mcal/../Mcal/fsl_flexcan.h:1772:20:FLEXCAN_EnableMbInterrupts	40	static
../Mcal/../Mcal/fsl_flexcan.h:1820:20:FLEXCAN_DisableMbInterrupts	40	static
../Mcal/../Mcal/fsl_flexcan.h:1906:20:FLEXCAN_Enable	16	static
../Mcal/fsl_flexcan.c:349:13:flexcan_memset	32	static
../Mcal/fsl_flexcan.c:378:6:FLEXCAN_IsInstanceHasFDMode	16	static
../Mcal/fsl_flexcan.c:411:10:FLEXCAN_GetInstance	24	static
../Mcal/fsl_flexcan.c:567:6:FLEXCAN_EnterFreezeMode	16	static
../Mcal/fsl_flexcan.c:585:6:FLEXCAN_ExitFreezeMode	16	static
../Mcal/fsl_flexcan.c:613:13:FLEXCAN_IsMbOccupied	24	static
../Mcal/fsl_flexcan.c:689:13:FLEXCAN_Reset	24	static
../Mcal/fsl_flexcan.c:779:10:FLEXCAN_SetBitRate	40	static
../Mcal/fsl_flexcan.c:806:10:FLEXCAN_SetFDBitRate	48	static
../Mcal/fsl_flexcan.c:846:6:FLEXCAN_Init	64	static
../Mcal/fsl_flexcan.c:1046:6:FLEXCAN_FDInit	56	static
../Mcal/fsl_flexcan.c:1179:6:FLEXCAN_Deinit	24	static
../Mcal/fsl_flexcan.c:1224:6:FLEXCAN_GetDefaultConfig	16	static
../Mcal/fsl_flexcan.c:1397:6:FLEXCAN_SetTimingConfig	16	static
../Mcal/fsl_flexcan.c:1476:6:FLEXCAN_SetFDTimingConfig	16	static
../Mcal/fsl_flexcan.c:1523:6:FLEXCAN_SetRxMbGlobalMask	16	static
../Mcal/fsl_flexcan.c:1545:6:FLEXCAN_SetRxFifoGlobalMask	16	static
../Mcal/fsl_flexcan.c:1571:6:FLEXCAN_SetRxIndividualMask	24	static
../Mcal/fsl_flexcan.c:1597:6:FLEXCAN_SetTxMbConfig	16	static
../Mcal/fsl_flexcan.c:1631:13:FLEXCAN_GetSegments	40	static
../Mcal/fsl_flexcan.c:1755:6:FLEXCAN_CalculateImprovedTimingValues	64	static
../Mcal/fsl_flexcan.c:1849:17:FLEXCAN_GetFDMailboxOffset	24	static
../Mcal/fsl_flexcan.c:1885:13:FLEXCAN_FDGetSegments	48	static
../Mcal/fsl_flexcan.c:1983:13:FLEXCAN_CalculateImprovedNominalTimingValues	72	static
../Mcal/fsl_flexcan.c:2094:6:FLEXCAN_FDCalculateImprovedTimingValues	48	static
../Mcal/fsl_flexcan.c:2196:6:FLEXCAN_SetFDTxMbConfig	32	static
../Mcal/fsl_flexcan.c:2261:6:FLEXCAN_SetRxMbConfig	32	static
../Mcal/fsl_flexcan.c:2317:6:FLEXCAN_SetFDRxMbConfig	48	static
../Mcal/fsl_flexcan.c:2383:6:FLEXCAN_SetRxFifoConfig	40	static
../Mcal/fsl_flexcan.c:2579:6:FLEXCAN_EnableRxFifoDMA	16	static
../Mcal/fsl_flexcan.c:2615:6:FLEXCAN_GetMemoryErrorReportStatus	24	static
../Mcal/fsl_flexcan.c:2752:10:FLEXCAN_WriteTxMb	32	static
../Mcal/fsl_flexcan.c:2829:10:FLEXCAN_WriteFDTxMb	56	static
../Mcal/fsl_flexcan.c:2924:10:FLEXCAN_ReadRxMb	40	static
../Mcal/fsl_flexcan.c:3005:10:FLEXCAN_ReadFDRxMb	56	static
../Mcal/fsl_flexcan.c:3105:10:FLEXCAN_ReadRxFifo	24	static
../Mcal/fsl_flexcan.c:3215:10:FLEXCAN_TransferSendBlocking	56	static
../Mcal/fsl_flexcan.c:3275:10:FLEXCAN_TransferReceiveBlocking	48	static
../Mcal/fsl_flexcan.c:3321:10:FLEXCAN_TransferFDSendBlocking	64	static
../Mcal/fsl_flexcan.c:3382:10:FLEXCAN_TransferFDReceiveBlocking	48	static
../Mcal/fsl_flexcan.c:3427:10:FLEXCAN_TransferReceiveFifoBlocking	24	static
../Mcal/fsl_flexcan.c:3484:6:FLEXCAN_TransferCreateHandle	32	static
../Mcal/fsl_flexcan.c:3569:10:FLEXCAN_TransferSendNonBlocking	48	static
../Mcal/fsl_flexcan.c:3640:10:FLEXCAN_TransferReceiveNonBlocking	48	static
../Mcal/fsl_flexcan.c:3700:10:FLEXCAN_TransferFDSendNonBlocking	48	static
../Mcal/fsl_flexcan.c:3772:10:FLEXCAN_TransferFDReceiveNonBlocking	48	static
../Mcal/fsl_flexcan.c:3831:10:FLEXCAN_TransferReceiveFifoNonBlocking	40	static
../Mcal/fsl_flexcan.c:3881:10:FLEXCAN_TransferGetReceiveFifoCount	32	static
../Mcal/fsl_flexcan.c:3968:6:FLEXCAN_TransferAbortSend	48	static
../Mcal/fsl_flexcan.c:4014:6:FLEXCAN_TransferFDAbortSend	56	static
../Mcal/fsl_flexcan.c:4064:6:FLEXCAN_TransferFDAbortReceive	40	static
../Mcal/fsl_flexcan.c:4104:6:FLEXCAN_TransferAbortReceive	40	static
../Mcal/fsl_flexcan.c:4142:6:FLEXCAN_TransferAbortReceiveFifo	16	static
../Mcal/fsl_flexcan.c:4216:10:FLEXCAN_GetTimeStamp	16	static
../Mcal/fsl_flexcan.c:4230:13:FLEXCAN_CheckUnhandleInterruptEvents	104	static
../Mcal/fsl_flexcan.c:4288:17:FLEXCAN_SubHandlerForLegacyRxFIFO	40	static
../Mcal/fsl_flexcan.c:4397:17:FLEXCAN_SubHandlerForMB	32	static
../Mcal/fsl_flexcan.c:4501:17:FLEXCAN_SubHandlerForDataTransfered	72	static
../Mcal/fsl_flexcan.c:4704:6:FLEXCAN_TransferHandleIRQ	88	static
../Mcal/fsl_flexcan.c:4769:6:CAN1_DriverIRQHandler	8	static
../Mcal/fsl_flexcan.c:4780:6:CAN2_DriverIRQHandler	8	static
../Mcal/fsl_flexcan.c:4791:6:CAN3_DriverIRQHandler	8	static
