D:\middleware\evkbmimxrt1170_lvgl_guider_cm7_v8\CMSIS/core_cm7.h:1911:22:__NVIC_EnableIRQ	16	static
../Mcal/../Mcal/../Mcal/../Mcal/../Mcal/fsl_clock.h:2178:20:CLOCK_ControlGate	16	static
../Mcal/../Mcal/../Mcal/../Mcal/../Mcal/fsl_clock.h:2197:20:CLOCK_EnableClock	16	static
../Mcal/../Mcal/../Mcal/../Mcal/../Mcal/fsl_clock.h:2207:20:CLOCK_DisableClock	16	static
../Mcal/../Mcal/../Mcal/../Mcal/fsl_common_arm.h:514:24:EnableIRQ	24	static
../Mcal/../Mcal/fsl_lpi2c.h:571:20:LPI2C_MasterReset	16	static
../Mcal/../Mcal/fsl_lpi2c.h:583:20:LPI2C_MasterEnable	16	static
../Mcal/../Mcal/fsl_lpi2c.h:607:24:LPI2C_MasterGetStatusFlags	16	static
../Mcal/../Mcal/fsl_lpi2c.h:632:20:LPI2C_MasterClearStatusFlags	16	static
../Mcal/../Mcal/fsl_lpi2c.h:654:20:LPI2C_MasterEnableInterrupts	16	static
../Mcal/../Mcal/fsl_lpi2c.h:669:20:LPI2C_MasterDisableInterrupts	16	static
../Mcal/../Mcal/fsl_lpi2c.h:681:24:LPI2C_MasterGetEnabledInterrupts	16	static
../Mcal/../Mcal/fsl_lpi2c.h:745:20:LPI2C_MasterSetWatermarks	24	static
../Mcal/../Mcal/fsl_lpi2c.h:759:20:LPI2C_MasterGetFifoCounts	24	static
../Mcal/../Mcal/fsl_lpi2c.h:1068:20:LPI2C_SlaveReset	16	static
../Mcal/../Mcal/fsl_lpi2c.h:1080:20:LPI2C_SlaveEnable	16	static
../Mcal/../Mcal/fsl_lpi2c.h:1104:24:LPI2C_SlaveGetStatusFlags	16	static
../Mcal/../Mcal/fsl_lpi2c.h:1126:20:LPI2C_SlaveClearStatusFlags	16	static
../Mcal/../Mcal/fsl_lpi2c.h:1147:20:LPI2C_SlaveEnableInterrupts	16	static
../Mcal/../Mcal/fsl_lpi2c.h:1162:20:LPI2C_SlaveDisableInterrupts	16	static
../Mcal/fsl_lpi2c.c:223:10:LPI2C_GetInstance	24	static
../Mcal/fsl_lpi2c.c:246:17:LPI2C_GetCyclesForWidth	40	static
../Mcal/fsl_lpi2c.c:287:10:LPI2C_MasterCheckAndClearError	24	static
../Mcal/fsl_lpi2c.c:346:17:LPI2C_MasterWaitForTxReady	32	static
../Mcal/fsl_lpi2c.c:394:10:LPI2C_CheckForBusyBus	24	static
../Mcal/fsl_lpi2c.c:435:6:LPI2C_MasterGetDefaultConfig	16	static
../Mcal/fsl_lpi2c.c:468:6:LPI2C_MasterInit	56	static
../Mcal/fsl_lpi2c.c:573:6:LPI2C_MasterDeinit	24	static
../Mcal/fsl_lpi2c.c:598:6:LPI2C_MasterConfigureDataMatch	24	static
../Mcal/fsl_lpi2c.c:629:6:LPI2C_MasterSetBaudRate	64	static
../Mcal/fsl_lpi2c.c:768:10:LPI2C_MasterStart	24	static
../Mcal/fsl_lpi2c.c:809:10:LPI2C_MasterStop	24	static
../Mcal/fsl_lpi2c.c:870:10:LPI2C_MasterReceive	40	static
../Mcal/fsl_lpi2c.c:972:10:LPI2C_MasterSend	32	static
../Mcal/fsl_lpi2c.c:1011:10:LPI2C_MasterTransferBlocking	56	static
../Mcal/fsl_lpi2c.c:1154:6:LPI2C_MasterTransferCreateHandle	32	static
../Mcal/fsl_lpi2c.c:1188:13:LPI2C_TransferStateMachineSendCommand	32	static
../Mcal/fsl_lpi2c.c:1259:13:LPI2C_TransferStateMachineReadCommand	24	static
../Mcal/fsl_lpi2c.c:1283:13:LPI2C_TransferStateMachineTransferData	24	static
../Mcal/fsl_lpi2c.c:1326:13:LPI2C_TransferStateMachineStopState	24	static
../Mcal/fsl_lpi2c.c:1357:13:LPI2C_TransferStateMachineWaitState	24	static
../Mcal/fsl_lpi2c.c:1395:17:LPI2C_RunTransferStateMachine	48	static
../Mcal/fsl_lpi2c.c:1478:13:LPI2C_InitTransferStateMachine	40	static
../Mcal/fsl_lpi2c.c:1551:10:LPI2C_MasterTransferNonBlocking	40	static
../Mcal/fsl_lpi2c.c:1617:10:LPI2C_MasterTransferGetCount	40	static
../Mcal/fsl_lpi2c.c:1683:6:LPI2C_MasterTransferAbort	16	static
../Mcal/fsl_lpi2c.c:1713:6:LPI2C_MasterTransferHandleIRQ	40	static
../Mcal/fsl_lpi2c.c:1783:6:LPI2C_SlaveGetDefaultConfig	16	static
../Mcal/fsl_lpi2c.c:1822:6:LPI2C_SlaveInit	48	static
../Mcal/fsl_lpi2c.c:1898:6:LPI2C_SlaveDeinit	24	static
../Mcal/fsl_lpi2c.c:1925:17:LPI2C_SlaveCheckAndClearError	24	static
../Mcal/fsl_lpi2c.c:1969:10:LPI2C_SlaveSend	40	static
../Mcal/fsl_lpi2c.c:2060:10:LPI2C_SlaveReceive	40	static
../Mcal/fsl_lpi2c.c:2158:6:LPI2C_SlaveTransferCreateHandle	32	static
../Mcal/fsl_lpi2c.c:2215:10:LPI2C_SlaveTransferNonBlocking	32	static
../Mcal/fsl_lpi2c.c:2279:10:LPI2C_SlaveTransferGetCount	32	static
../Mcal/fsl_lpi2c.c:2312:6:LPI2C_SlaveTransferAbort	16	static
../Mcal/fsl_lpi2c.c:2340:6:LPI2C_SlaveTransferHandleIRQ	24	static
../Mcal/fsl_lpi2c.c:2498:13:LPI2C_CommonIRQHandler	16	static
../Mcal/fsl_lpi2c.c:2529:6:LPI2C1_DriverIRQHandler	8	static
../Mcal/fsl_lpi2c.c:2538:6:LPI2C2_DriverIRQHandler	8	static
../Mcal/fsl_lpi2c.c:2547:6:LPI2C3_DriverIRQHandler	8	static
../Mcal/fsl_lpi2c.c:2556:6:LPI2C4_DriverIRQHandler	8	static
../Mcal/fsl_lpi2c.c:2565:6:LPI2C5_DriverIRQHandler	8	static
../Mcal/fsl_lpi2c.c:2574:6:LPI2C6_DriverIRQHandler	8	static
