../Mcal/../Mcal/fsl_snvs_hp.h:335:20:SNVS_HP_RTC_StartTimer	16	static
../Mcal/../Mcal/fsl_snvs_hp.h:348:20:SNVS_HP_RTC_StopTimer	16	static
../Mcal/fsl_snvs_hp.c:98:13:SNVS_HP_CheckDatetimeFormat	40	static
../Mcal/fsl_snvs_hp.c:130:17:SNVS_HP_ConvertDatetimeToSeconds	56	static
../Mcal/fsl_snvs_hp.c:160:13:SNVS_HP_ConvertSecondsToDatetime	56	static
../Mcal/fsl_snvs_hp.c:246:6:SNVS_HP_Init	16	static
../Mcal/fsl_snvs_hp.c:260:6:SNVS_HP_Deinit	16	static
../Mcal/fsl_snvs_hp.c:277:6:SNVS_HP_RTC_Init	16	static
../Mcal/fsl_snvs_hp.c:299:6:SNVS_HP_RTC_Deinit	16	static
../Mcal/fsl_snvs_hp.c:317:6:SNVS_HP_RTC_GetDefaultConfig	16	static
../Mcal/fsl_snvs_hp.c:329:17:SNVS_HP_RTC_GetSeconds	24	static
../Mcal/fsl_snvs_hp.c:354:10:SNVS_HP_RTC_SetDatetime	24	static
../Mcal/fsl_snvs_hp.c:391:6:SNVS_HP_RTC_GetDatetime	16	static
../Mcal/fsl_snvs_hp.c:412:10:SNVS_HP_RTC_SetAlarm	32	static
../Mcal/fsl_snvs_hp.c:457:6:SNVS_HP_RTC_GetAlarm	24	static
../Mcal/fsl_snvs_hp.c:476:6:SNVS_HP_RTC_TimeSynchronize	24	static
../Mcal/fsl_snvs_hp.c:501:10:SNVS_HP_RTC_GetStatusFlags	24	static
../Mcal/fsl_snvs_hp.c:526:10:SNVS_HP_RTC_GetEnabledInterrupts	24	static
