../CDD/lvgl/src/misc/lv_area.h:123:26:lv_area_get_width	16	static
../CDD/lvgl/src/misc/lv_area.h:133:26:lv_area_get_height	16	static
../CDD/lvgl/src/misc/lv_area.c:49:6:lv_area_set	24	static
../CDD/lvgl/src/misc/lv_area.c:62:6:lv_area_set_width	16	static
../CDD/lvgl/src/misc/lv_area.c:72:6:lv_area_set_height	16	static
../CDD/lvgl/src/misc/lv_area.c:83:6:_lv_area_set_pos	24	static
../CDD/lvgl/src/misc/lv_area.c:98:10:lv_area_get_size	24	static
../CDD/lvgl/src/misc/lv_area.c:107:6:lv_area_increase	16	static
../CDD/lvgl/src/misc/lv_area.c:115:6:lv_area_move	16	static
../CDD/lvgl/src/misc/lv_area.c:130:6:_lv_area_intersect	32	static
../CDD/lvgl/src/misc/lv_area.c:154:8:_lv_area_diff	56	static
../CDD/lvgl/src/misc/lv_area.c:225:6:_lv_area_join	24	static
../CDD/lvgl/src/misc/lv_area.c:240:6:_lv_area_is_point_on	40	static
../CDD/lvgl/src/misc/lv_area.c:306:6:_lv_area_is_on	16	static
../CDD/lvgl/src/misc/lv_area.c:323:6:_lv_area_is_in	32	static
../CDD/lvgl/src/misc/lv_area.c:364:6:_lv_area_is_out	32	static
../CDD/lvgl/src/misc/lv_area.c:395:6:_lv_area_is_equal	16	static
../CDD/lvgl/src/misc/lv_area.c:407:6:lv_area_align	40	static
../CDD/lvgl/src/misc/lv_area.c:533:6:lv_point_transform	64	static
../CDD/lvgl/src/misc/lv_area.c:589:13:lv_point_within_circle	40	static
