../CDD/lvgl/src/misc/lv_fs.c:43:6:_lv_fs_init	8	static
../CDD/lvgl/src/misc/lv_fs.c:48:6:lv_fs_is_ready	24	static
../CDD/lvgl/src/misc/lv_fs.c:59:13:lv_fs_open	40	static
../CDD/lvgl/src/misc/lv_fs.c:111:13:lv_fs_close	24	static
../CDD/lvgl/src/misc/lv_fs.c:138:20:lv_fs_read_cached	80	static
../CDD/lvgl/src/misc/lv_fs.c:211:13:lv_fs_read	48	static
../CDD/lvgl/src/misc/lv_fs.c:232:13:lv_fs_write	48	static
../CDD/lvgl/src/misc/lv_fs.c:251:13:lv_fs_seek	40	static
../CDD/lvgl/src/misc/lv_fs.c:306:13:lv_fs_tell	24	static
../CDD/lvgl/src/misc/lv_fs.c:330:13:lv_fs_dir_open	32	static
../CDD/lvgl/src/misc/lv_fs.c:364:13:lv_fs_dir_read	24	static
../CDD/lvgl/src/misc/lv_fs.c:381:13:lv_fs_dir_close	24	static
../CDD/lvgl/src/misc/lv_fs.c:399:6:lv_fs_drv_init	16	static
../CDD/lvgl/src/misc/lv_fs.c:404:6:lv_fs_drv_register	24	static
../CDD/lvgl/src/misc/lv_fs.c:415:15:lv_fs_get_drv	24	static
../CDD/lvgl/src/misc/lv_fs.c:428:8:lv_fs_get_letters	24	static
../CDD/lvgl/src/misc/lv_fs.c:443:14:lv_fs_get_ext	24	static
../CDD/lvgl/src/misc/lv_fs.c:458:8:lv_fs_up	24	static
../CDD/lvgl/src/misc/lv_fs.c:484:14:lv_fs_get_last	24	static
../CDD/lvgl/src/misc/lv_fs.c:518:21:lv_fs_get_real_path	16	static
