../CDD/lvgl/src/misc/../../../../CDD/lvgl/src/misc/../../../../CDD/lvgl/src/misc/lv_color.h:595:26:lv_color_make	16	static
../CDD/lvgl/src/misc/../../../../CDD/lvgl/src/misc/../../../../CDD/lvgl/src/misc/lv_color.h:696:26:lv_color_white	8	static
../CDD/lvgl/src/misc/../../../../CDD/lvgl/src/misc/../../../../CDD/lvgl/src/misc/lv_color.h:700:26:lv_color_black	8	static
../CDD/lvgl/src/misc/../../../../CDD/lvgl/src/misc/lv_style.h:449:30:lv_style_get_prop_inlined	56	static
../CDD/lvgl/src/misc/lv_style.c:152:6:lv_style_init	16	static
../CDD/lvgl/src/misc/lv_style.c:166:6:lv_style_reset	16	static
../CDD/lvgl/src/misc/lv_style.c:182:17:lv_style_register_prop	32	static
../CDD/lvgl/src/misc/lv_style.c:218:17:lv_style_get_num_custom_props	4	static
../CDD/lvgl/src/misc/lv_style.c:223:6:lv_style_remove_prop	56	static
../CDD/lvgl/src/misc/lv_style.c:284:6:lv_style_set_prop	24	static
../CDD/lvgl/src/misc/lv_style.c:289:6:lv_style_set_prop_meta	16	static
../CDD/lvgl/src/misc/lv_style.c:294:16:lv_style_get_prop	24	static
../CDD/lvgl/src/misc/lv_style.c:299:6:lv_style_transition_dsc_init	24	static
../CDD/lvgl/src/misc/lv_style.c:314:18:lv_style_prop_get_default	24	static
../CDD/lvgl/src/misc/lv_style.c:368:6:lv_style_is_empty	16	static
../CDD/lvgl/src/misc/lv_style.c:375:9:_lv_style_get_prop_group	24	static
../CDD/lvgl/src/misc/lv_style.c:382:9:_lv_style_prop_lookup_flags	16	static
../CDD/lvgl/src/misc/lv_style.c:401:13:lv_style_set_prop_helper	24	static
../CDD/lvgl/src/misc/lv_style.c:408:13:lv_style_set_prop_meta_helper	24	static
../CDD/lvgl/src/misc/lv_style.c:416:13:lv_style_set_prop_internal	96	static
