../CDD/lvgl/src/misc/../../../../CDD/lvgl/src/misc/../../../../CDD/lvgl/src/font/lv_font.h:124:26:lv_font_get_line_height	16	static
../CDD/lvgl/src/misc/../../../../CDD/lvgl/src/misc/lv_txt.h:165:20:_lv_txt_is_break_char	24	static
../CDD/lvgl/src/misc/../../../../CDD/lvgl/src/misc/../../../../CDD/lvgl/src/misc/lv_mem.h:194:44:lv_memcpy_small	32	static
../CDD/lvgl/src/misc/lv_txt.c:93:6:lv_txt_get_size	48	static
../CDD/lvgl/src/misc/lv_txt.c:173:17:lv_txt_get_next_word	64	static
../CDD/lvgl/src/misc/lv_txt.c:281:10:_lv_txt_get_next_line	72	static
../CDD/lvgl/src/misc/lv_txt.c:345:12:lv_txt_get_width	48	static
../CDD/lvgl/src/misc/lv_txt.c:384:6:_lv_txt_is_cmd	24	static
../CDD/lvgl/src/misc/lv_txt.c:415:6:_lv_txt_ins	40	static
../CDD/lvgl/src/misc/lv_txt.c:436:6:_lv_txt_cut	32	static
../CDD/lvgl/src/misc/lv_txt.c:452:8:_lv_txt_set_text_vfmt	32	static
../CDD/lvgl/src/misc/lv_txt.c:495:6:_lv_txt_encoded_letter_next_2	24	static
../CDD/lvgl/src/misc/lv_txt.c:511:16:lv_txt_utf8_size	16	static
../CDD/lvgl/src/misc/lv_txt.c:529:17:lv_txt_unicode_to_utf8	24	static
../CDD/lvgl/src/misc/lv_txt.c:565:17:lv_txt_utf8_conv_wc	32	static
../CDD/lvgl/src/misc/lv_txt.c:593:17:lv_txt_utf8_next	24	static
../CDD/lvgl/src/misc/lv_txt.c:668:17:lv_txt_utf8_prev	32	static
../CDD/lvgl/src/misc/lv_txt.c:701:17:lv_txt_utf8_get_byte_id	32	static
../CDD/lvgl/src/misc/lv_txt.c:721:17:lv_txt_utf8_get_char_id	24	static
../CDD/lvgl/src/misc/lv_txt.c:740:17:lv_txt_utf8_get_length	24	static
