../CDD/lvgl/src/misc/lv_timer.c:56:6:lv_timer_register_get_idle_cb	16	static
../CDD/lvgl/src/misc/lv_timer.c:61:6:lv_timer_register_reset_idle_cb	16	static
../CDD/lvgl/src/misc/lv_timer.c:66:6:lv_timer_reset_idle	8	static
../CDD/lvgl/src/misc/lv_timer.c:75:6:_lv_timer_core_init	8	static
../CDD/lvgl/src/misc/lv_timer.c:87:37:lv_timer_handler	32	static
../CDD/lvgl/src/misc/lv_timer.c:183:14:lv_timer_create_basic	8	static
../CDD/lvgl/src/misc/lv_timer.c:197:14:lv_timer_create	32	static
../CDD/lvgl/src/misc/lv_timer.c:222:6:lv_timer_set_cb	16	static
../CDD/lvgl/src/misc/lv_timer.c:231:6:lv_timer_del	16	static
../CDD/lvgl/src/misc/lv_timer.c:243:6:lv_timer_pause	16	static
../CDD/lvgl/src/misc/lv_timer.c:248:6:lv_timer_resume	16	static
../CDD/lvgl/src/misc/lv_timer.c:258:6:lv_timer_set_period	16	static
../CDD/lvgl/src/misc/lv_timer.c:267:6:lv_timer_ready	16	static
../CDD/lvgl/src/misc/lv_timer.c:277:6:lv_timer_set_repeat_count	16	static
../CDD/lvgl/src/misc/lv_timer.c:287:6:lv_timer_reset	16	static
../CDD/lvgl/src/misc/lv_timer.c:296:6:lv_timer_enable	16	static
../CDD/lvgl/src/misc/lv_timer.c:305:9:lv_timer_get_idle	4	static
../CDD/lvgl/src/misc/lv_timer.c:315:14:lv_timer_get_next	16	static
../CDD/lvgl/src/misc/lv_timer.c:330:13:lv_timer_exec	24	static
../CDD/lvgl/src/misc/lv_timer.c:364:17:lv_timer_time_remaining	24	static
