D:/middleware/evkbmimxrt1170_lvgl_guider_cm7_v8/Mcal/fsl_clock.h:2157:20:CLOCK_SetRootClock	16	static
../source/application/can_pix/can.c:73:6:set_speedometer_value	16	static
../source/application/can_pix/can.c:77:6:set_battery_value	16	static
../source/application/can_pix/can.c:81:6:set_ridemode_value	16	static
../source/application/can_pix/can.c:85:6:set_gearposition_value	16	static
../source/application/can_pix/can.c:89:6:set_gearindicator_value	16	static
../source/application/can_pix/can.c:93:6:set_adaptivelamp_value	16	static
../source/application/can_pix/can.c:97:6:set_DRL_value	16	static
../source/application/can_pix/can.c:101:6:set_tractioncontrol_value	16	static
../source/application/can_pix/can.c:106:6:set_quickshifter_value	16	static
../source/application/can_pix/can.c:110:6:set_cruise_value	16	static
../source/application/can_pix/can.c:114:6:set_odometer_value	16	static
../source/application/can_pix/can.c:119:9:get_speedometer_value	4	static
../source/application/can_pix/can.c:123:9:get_battery_value	4	static
../source/application/can_pix/can.c:128:9:get_ridemode_value	4	static
../source/application/can_pix/can.c:132:9:get_gearposition_value	4	static
../source/application/can_pix/can.c:136:9:get_gearindicator_value	4	static
../source/application/can_pix/can.c:140:9:get_adaptivelamp_value	4	static
../source/application/can_pix/can.c:144:9:get_DRL_value	4	static
../source/application/can_pix/can.c:148:9:get_tractioncontrol_value	4	static
../source/application/can_pix/can.c:153:9:get_quickshifter_value	4	static
../source/application/can_pix/can.c:157:9:get_cruise_value	4	static
../source/application/can_pix/can.c:161:10:get_odometer_value	4	static
../source/application/can_pix/can.c:166:6:cpy_can_data	16	static
../source/application/can_pix/can.c:180:6:CAN_Rx_message_buffer	8	static
../source/application/can_pix/can.c:199:8:flexcan_callback	24	static
../source/application/can_pix/can.c:228:13:CAN_AppTask	1904	static
../source/application/can_pix/can.c:312:6:CAN_TaskCreate	24	static
