c:\users\subas\documents\mcuxpressoide_11.9.0_2144\workspace\evkbmimxrt1170_lvgl_guider_cm7_v8\cdd\lvgl\src\misc\lv_area.h:123:26:lv_area_get_width	16	static
c:\users\subas\documents\mcuxpressoide_11.9.0_2144\workspace\evkbmimxrt1170_lvgl_guider_cm7_v8\cdd\lvgl\src\font\lv_font.h:124:26:lv_font_get_line_height	16	static
c:\users\subas\documents\mcuxpressoide_11.9.0_2144\workspace\evkbmimxrt1170_lvgl_guider_cm7_v8\cdd\lvgl\src\misc\lv_bidi.h:129:20:lv_bidi_calculate_align	24	static
c:\users\subas\documents\mcuxpressoide_11.9.0_2144\workspace\evkbmimxrt1170_lvgl_guider_cm7_v8\cdd\lvgl\src\core\lv_obj_style_gen.h:1:26:lv_obj_get_style_width	24	static
c:\users\subas\documents\mcuxpressoide_11.9.0_2144\workspace\evkbmimxrt1170_lvgl_guider_cm7_v8\cdd\lvgl\src\core\lv_obj_style_gen.h:139:26:lv_obj_get_style_bg_color	24	static
c:\users\subas\documents\mcuxpressoide_11.9.0_2144\workspace\evkbmimxrt1170_lvgl_guider_cm7_v8\cdd\lvgl\src\core\lv_obj_style_gen.h:457:26:lv_obj_get_style_text_color_filtered	24	static
c:\users\subas\documents\mcuxpressoide_11.9.0_2144\workspace\evkbmimxrt1170_lvgl_guider_cm7_v8\cdd\lvgl\src\core\lv_obj_style_gen.h:469:33:lv_obj_get_style_text_font	24	static
c:\users\subas\documents\mcuxpressoide_11.9.0_2144\workspace\evkbmimxrt1170_lvgl_guider_cm7_v8\cdd\lvgl\src\core\lv_obj_style_gen.h:475:26:lv_obj_get_style_text_letter_space	24	static
c:\users\subas\documents\mcuxpressoide_11.9.0_2144\workspace\evkbmimxrt1170_lvgl_guider_cm7_v8\cdd\lvgl\src\core\lv_obj_style_gen.h:481:26:lv_obj_get_style_text_line_space	24	static
../CDD/lvgl/src/extra/widgets/dclock/lv_dclock.c:63:12:lv_dclock_create	24	static
../CDD/lvgl/src/extra/widgets/dclock/lv_dclock.c:74:6:lv_dclock_set_text	32	static
../CDD/lvgl/src/extra/widgets/dclock/lv_dclock.c:136:6:lv_dclock_set_text_fmt	28	static
../CDD/lvgl/src/extra/widgets/dclock/lv_dclock.c:168:10:lv_dclock_get_text_selection_start	24	static
../CDD/lvgl/src/extra/widgets/dclock/lv_dclock.c:182:10:lv_dclock_get_text_selection_end	24	static
../CDD/lvgl/src/extra/widgets/dclock/lv_dclock.c:205:6:clock_count_24	24	static
../CDD/lvgl/src/extra/widgets/dclock/lv_dclock.c:229:6:clock_count_12	24	static
../CDD/lvgl/src/extra/widgets/dclock/lv_dclock.c:262:13:lv_dclock_constructor	24	static
../CDD/lvgl/src/extra/widgets/dclock/lv_dclock.c:285:13:lv_dclock_destructor	24	static
../CDD/lvgl/src/extra/widgets/dclock/lv_dclock.c:294:13:lv_dclock_event	72	static
../CDD/lvgl/src/extra/widgets/dclock/lv_dclock.c:347:13:draw_main	112	static
../CDD/lvgl/src/extra/widgets/dclock/lv_dclock.c:406:13:lv_dclock_refr_text	64	static
