../lvgl/lvgl/src/widgets/../core/../misc/../font/lv_font.h:124:26:lv_font_get_line_height	16	static
../lvgl/lvgl/src/widgets/../core/lv_obj_style_gen.h:85:26:lv_obj_get_style_transform_angle	24	static
../lvgl/lvgl/src/widgets/../core/lv_obj_style_gen.h:103:26:lv_obj_get_style_pad_top	24	static
../lvgl/lvgl/src/widgets/../core/lv_obj_style_gen.h:109:26:lv_obj_get_style_pad_bottom	24	static
../lvgl/lvgl/src/widgets/../core/lv_obj_style_gen.h:115:26:lv_obj_get_style_pad_left	24	static
../lvgl/lvgl/src/widgets/../core/lv_obj_style_gen.h:121:26:lv_obj_get_style_pad_right	24	static
../lvgl/lvgl/src/widgets/../core/lv_obj_style_gen.h:256:26:lv_obj_get_style_border_width	24	static
../lvgl/lvgl/src/widgets/../core/lv_obj_style_gen.h:469:33:lv_obj_get_style_text_font	24	static
../lvgl/lvgl/src/widgets/../core/lv_obj_style_gen.h:481:26:lv_obj_get_style_text_line_space	24	static
../lvgl/lvgl/src/widgets/../core/lv_obj_style_gen.h:572:29:lv_obj_get_style_base_dir	24	static
../lvgl/lvgl/src/widgets/lv_dropdown.c:91:12:lv_dropdown_create	24	static
../lvgl/lvgl/src/widgets/lv_dropdown.c:103:6:lv_dropdown_set_text	24	static
../lvgl/lvgl/src/widgets/lv_dropdown.c:114:6:lv_dropdown_set_options	32	static
../lvgl/lvgl/src/widgets/lv_dropdown.c:161:6:lv_dropdown_set_options_static	24	static
../lvgl/lvgl/src/widgets/lv_dropdown.c:190:6:lv_dropdown_add_option	72	static
../lvgl/lvgl/src/widgets/lv_dropdown.c:261:6:lv_dropdown_clear_options	24	static
../lvgl/lvgl/src/widgets/lv_dropdown.c:278:6:lv_dropdown_set_selected	24	static
../lvgl/lvgl/src/widgets/lv_dropdown.c:295:6:lv_dropdown_set_dir	24	static
../lvgl/lvgl/src/widgets/lv_dropdown.c:307:6:lv_dropdown_set_symbol	24	static
../lvgl/lvgl/src/widgets/lv_dropdown.c:316:6:lv_dropdown_set_selected_highlight	24	static
../lvgl/lvgl/src/widgets/lv_dropdown.c:329:12:lv_dropdown_get_list	24	static
../lvgl/lvgl/src/widgets/lv_dropdown.c:337:14:lv_dropdown_get_text	24	static
../lvgl/lvgl/src/widgets/lv_dropdown.c:345:14:lv_dropdown_get_options	24	static
../lvgl/lvgl/src/widgets/lv_dropdown.c:353:10:lv_dropdown_get_selected	24	static
../lvgl/lvgl/src/widgets/lv_dropdown.c:362:10:lv_dropdown_get_option_cnt	24	static
../lvgl/lvgl/src/widgets/lv_dropdown.c:371:6:lv_dropdown_get_selected_str	48	static
../lvgl/lvgl/src/widgets/lv_dropdown.c:405:9:lv_dropdown_get_option_index	32	static
../lvgl/lvgl/src/widgets/lv_dropdown.c:425:14:lv_dropdown_get_symbol	24	static
../lvgl/lvgl/src/widgets/lv_dropdown.c:432:6:lv_dropdown_get_selected_highlight	24	static
../lvgl/lvgl/src/widgets/lv_dropdown.c:439:10:lv_dropdown_get_dir	24	static
../lvgl/lvgl/src/widgets/lv_dropdown.c:450:6:lv_dropdown_open	64	static
../lvgl/lvgl/src/widgets/lv_dropdown.c:548:6:lv_dropdown_close	24	static
../lvgl/lvgl/src/widgets/lv_dropdown.c:561:6:lv_dropdown_is_open	24	static
../lvgl/lvgl/src/widgets/lv_dropdown.c:573:19:lv_dropdown_list_create	24	static
../lvgl/lvgl/src/widgets/lv_dropdown.c:581:13:lv_dropdown_constructor	24	static
../lvgl/lvgl/src/widgets/lv_dropdown.c:611:13:lv_dropdown_destructor	24	static
../lvgl/lvgl/src/widgets/lv_dropdown.c:627:13:lv_dropdownlist_constructor	16	static
../lvgl/lvgl/src/widgets/lv_dropdown.c:642:13:lv_dropdownlist_destructor	32	static
../lvgl/lvgl/src/widgets/lv_dropdown.c:651:13:lv_dropdown_event	56	static
../lvgl/lvgl/src/widgets/lv_dropdown.c:741:13:lv_dropdown_list_event	32	static
../lvgl/lvgl/src/widgets/lv_dropdown.c:777:13:draw_main	216	static
../lvgl/lvgl/src/widgets/lv_dropdown.c:891:13:draw_list	56	static
../lvgl/lvgl/src/widgets/lv_dropdown.c:927:13:draw_box	136	static
../lvgl/lvgl/src/widgets/lv_dropdown.c:965:13:draw_box_label	120	static
../lvgl/lvgl/src/widgets/lv_dropdown.c:1012:17:btn_release_handler	32	static
../lvgl/lvgl/src/widgets/lv_dropdown.c:1048:17:list_release_handler	48	static
../lvgl/lvgl/src/widgets/lv_dropdown.c:1084:13:list_press_handler	40	static
../lvgl/lvgl/src/widgets/lv_dropdown.c:1099:17:get_id_on_point	40	static
../lvgl/lvgl/src/widgets/lv_dropdown.c:1123:13:position_to_selected	48	static
../lvgl/lvgl/src/widgets/lv_dropdown.c:1143:19:get_label	24	static
