../CDD/lvgl/src/hal/../../../../CDD/lvgl/src/core/../../../../CDD/lvgl/src/misc/../../../../CDD/lvgl/src/misc/lv_color.h:375:24:lv_color_to32	16	static
../CDD/lvgl/src/hal/../../../../CDD/lvgl/src/core/../../../../CDD/lvgl/src/misc/../../../../CDD/lvgl/src/misc/lv_color.h:439:48:lv_color_mix	32	static
../CDD/lvgl/src/hal/../../../../CDD/lvgl/src/core/../../../../CDD/lvgl/src/misc/../../../../CDD/lvgl/src/misc/lv_color.h:531:42:lv_color_mix_with_alpha	32	static
../CDD/lvgl/src/hal/../../../../CDD/lvgl/src/core/../../../../CDD/lvgl/src/misc/../../../../CDD/lvgl/src/misc/lv_color.h:587:23:lv_color_brightness	24	static
../CDD/lvgl/src/hal/../../../../CDD/lvgl/src/core/../../../../CDD/lvgl/src/misc/../../../../CDD/lvgl/src/misc/lv_color.h:595:26:lv_color_make	16	static
../CDD/lvgl/src/hal/../../../../CDD/lvgl/src/core/../../../../CDD/lvgl/src/misc/../../../../CDD/lvgl/src/misc/lv_color.h:600:26:lv_color_hex	24	static
../CDD/lvgl/src/hal/../../../../CDD/lvgl/src/core/../../../../CDD/lvgl/src/misc/../../../../CDD/lvgl/src/misc/lv_color.h:696:26:lv_color_white	8	static
../CDD/lvgl/src/hal/../../../../CDD/lvgl/src/core/../../../../CDD/lvgl/src/core/lv_obj_style.h:92:20:lv_obj_remove_style_all	16	static
../CDD/lvgl/src/hal/lv_hal_disp.c:85:6:lv_disp_drv_init	24	static
../CDD/lvgl/src/hal/lv_hal_disp.c:151:6:lv_disp_draw_buf_init	24	static
../CDD/lvgl/src/hal/lv_hal_disp.c:167:13:lv_disp_drv_register	48	static
../CDD/lvgl/src/hal/lv_hal_disp.c:251:6:lv_disp_drv_update	32	static
../CDD/lvgl/src/hal/lv_hal_disp.c:292:6:lv_disp_remove	24	static
../CDD/lvgl/src/hal/lv_hal_disp.c:333:6:lv_disp_set_default	16	static
../CDD/lvgl/src/hal/lv_hal_disp.c:342:13:lv_disp_get_default	4	static
../CDD/lvgl/src/hal/lv_hal_disp.c:352:12:lv_disp_get_hor_res	16	static
../CDD/lvgl/src/hal/lv_hal_disp.c:375:12:lv_disp_get_ver_res	16	static
../CDD/lvgl/src/hal/lv_hal_disp.c:398:12:lv_disp_get_physical_hor_res	16	static
../CDD/lvgl/src/hal/lv_hal_disp.c:421:12:lv_disp_get_physical_ver_res	16	static
../CDD/lvgl/src/hal/lv_hal_disp.c:444:12:lv_disp_get_offset_x	16	static
../CDD/lvgl/src/hal/lv_hal_disp.c:470:12:lv_disp_get_offset_y	16	static
../CDD/lvgl/src/hal/lv_hal_disp.c:496:6:lv_disp_get_antialiasing	16	static
../CDD/lvgl/src/hal/lv_hal_disp.c:509:12:lv_disp_get_dpi	16	static
../CDD/lvgl/src/hal/lv_hal_disp.c:520:31:lv_disp_flush_ready	16	static
../CDD/lvgl/src/hal/lv_hal_disp.c:532:31:lv_disp_flush_is_last	16	static
../CDD/lvgl/src/hal/lv_hal_disp.c:542:13:lv_disp_get_next	16	static
../CDD/lvgl/src/hal/lv_hal_disp.c:555:22:lv_disp_get_draw_buf	16	static
../CDD/lvgl/src/hal/lv_hal_disp.c:565:6:lv_disp_set_rotation	16	static
../CDD/lvgl/src/hal/lv_hal_disp.c:579:15:lv_disp_get_rotation	16	static
../CDD/lvgl/src/hal/lv_hal_disp.c:586:6:lv_disp_drv_use_generic_set_px_cb	16	static
../CDD/lvgl/src/hal/lv_hal_disp.c:613:31:invalidate_layout_cb	16	static
../CDD/lvgl/src/hal/lv_hal_disp.c:620:13:set_px_cb_alpha1	48	static
../CDD/lvgl/src/hal/lv_hal_disp.c:634:13:set_px_cb_alpha2	48	static
../CDD/lvgl/src/hal/lv_hal_disp.c:648:13:set_px_cb_alpha4	48	static
../CDD/lvgl/src/hal/lv_hal_disp.c:662:13:set_px_cb_alpha8	48	static
../CDD/lvgl/src/hal/lv_hal_disp.c:676:13:set_px_alpha_generic	32	static
../CDD/lvgl/src/hal/lv_hal_disp.c:690:13:set_px_true_color_alpha	48	static
